🚀 智慧知識庫更新腳本
========================================

📺 處理頻道: 胡乃文开播
  ⚠️ 獲取影片失敗: [Errno 2] No such file or directory: 'yt-dlp'
  ⚠️ 無法獲取影片

📺 處理頻道: Dr.HuangAmin
  ⚠️ 獲取影片失敗: [Errno 2] No such file or directory: 'yt-dlp'
  ⚠️ 無法獲取影片

📺 處理頻道: 周慕姿放心說
  ⚠️ 獲取影片失敗: [Errno 2] No such file or directory: 'yt-dlp'
  ⚠️ 無法獲取影片

📺 處理頻道: 松明讲心理
  ⚠️ 獲取影片失敗: [Errno 2] No such file or directory: 'yt-dlp'
  ⚠️ 無法獲取影片

📺 處理頻道: DrHarveyTalk
  ⚠️ 獲取影片失敗: [Errno 2] No such file or directory: 'yt-dlp'
  ⚠️ 無法獲取影片

📺 處理頻道: Cofit211
  ⚠️ 獲取影片失敗: [Errno 2] No such file or directory: 'yt-dlp'
  ⚠️ 無法獲取影片

📺 處理頻道: 泛科學
  ⚠️ 獲取影片失敗: [Errno 2] No such file or directory: 'yt-dlp'
  ⚠️ 無法獲取影片

📺 處理頻道: 泛科學院
  ⚠️ 獲取影片失敗: [Errno 2] No such file or directory: 'yt-dlp'
  ⚠️ 無法獲取影片

========================================
📊 統計:
   ✅ 新增: 0
   ⏭️  跳過: 0
   ❌ 失敗: 0
🎉 完成!
🚀 智慧知識庫更新腳本
========================================

📺 處理頻道: 胡乃文开播
  ⚠️ 獲取影片失敗: [Errno 2] No such file or directory: 'yt-dlp'
  ⚠️ 無法獲取影片

📺 處理頻道: Dr.HuangAmin
  ⚠️ 獲取影片失敗: [Errno 2] No such file or directory: 'yt-dlp'
  ⚠️ 無法獲取影片

📺 處理頻道: 周慕姿放心說
  ⚠️ 獲取影片失敗: [Errno 2] No such file or directory: 'yt-dlp'
  ⚠️ 無法獲取影片

📺 處理頻道: 松明讲心理
  ⚠️ 獲取影片失敗: [Errno 2] No such file or directory: 'yt-dlp'
  ⚠️ 無法獲取影片

📺 處理頻道: DrHarveyTalk
  ⚠️ 獲取影片失敗: [Errno 2] No such file or directory: 'yt-dlp'
  ⚠️ 無法獲取影片

📺 處理頻道: Cofit211
  ⚠️ 獲取影片失敗: [Errno 2] No such file or directory: 'yt-dlp'
  ⚠️ 無法獲取影片

📺 處理頻道: 泛科學
  ⚠️ 獲取影片失敗: [Errno 2] No such file or directory: 'yt-dlp'
  ⚠️ 無法獲取影片

📺 處理頻道: 泛科學院
  ⚠️ 獲取影片失敗: [Errno 2] No such file or directory: 'yt-dlp'
  ⚠️ 無法獲取影片

========================================
📊 統計:
   ✅ 新增: 0
   ⏭️  跳過: 0
   ❌ 失敗: 0
🎉 完成!
🚀 智慧知識庫更新腳本
========================================

📺 處理頻道: 胡乃文开播
  ⚠️ 獲取影片失敗: [Errno 2] No such file or directory: 'yt-dlp'
  ⚠️ 無法獲取影片

📺 處理頻道: Dr.HuangAmin
  ⚠️ 獲取影片失敗: [Errno 2] No such file or directory: 'yt-dlp'
  ⚠️ 無法獲取影片

📺 處理頻道: 周慕姿放心說
  ⚠️ 獲取影片失敗: [Errno 2] No such file or directory: 'yt-dlp'
  ⚠️ 無法獲取影片

📺 處理頻道: 松明讲心理
  ⚠️ 獲取影片失敗: [Errno 2] No such file or directory: 'yt-dlp'
  ⚠️ 無法獲取影片

📺 處理頻道: DrHarveyTalk
  ⚠️ 獲取影片失敗: [Errno 2] No such file or directory: 'yt-dlp'
  ⚠️ 無法獲取影片

📺 處理頻道: Cofit211
  ⚠️ 獲取影片失敗: [Errno 2] No such file or directory: 'yt-dlp'
  ⚠️ 無法獲取影片

📺 處理頻道: 泛科學
  ⚠️ 獲取影片失敗: [Errno 2] No such file or directory: 'yt-dlp'
  ⚠️ 無法獲取影片

📺 處理頻道: 泛科學院
  ⚠️ 獲取影片失敗: [Errno 2] No such file or directory: 'yt-dlp'
  ⚠️ 無法獲取影片

========================================
📊 統計:
   ✅ 新增: 0
   ⏭️  跳過: 0
   ❌ 失敗: 0
🎉 完成!
🚀 智慧知識庫更新腳本
========================================

📺 處理頻道: 胡乃文开播
  ⚠️ 獲取影片失敗: [Errno 2] No such file or directory: 'yt-dlp'
  ⚠️ 無法獲取影片

📺 處理頻道: Dr.HuangAmin
  ⚠️ 獲取影片失敗: [Errno 2] No such file or directory: 'yt-dlp'
  ⚠️ 無法獲取影片

📺 處理頻道: 周慕姿放心說
  ⚠️ 獲取影片失敗: [Errno 2] No such file or directory: 'yt-dlp'
  ⚠️ 無法獲取影片

📺 處理頻道: 松明讲心理
  ⚠️ 獲取影片失敗: [Errno 2] No such file or directory: 'yt-dlp'
  ⚠️ 無法獲取影片

📺 處理頻道: DrHarveyTalk
  ⚠️ 獲取影片失敗: [Errno 2] No such file or directory: 'yt-dlp'
  ⚠️ 無法獲取影片

📺 處理頻道: Cofit211
  ⚠️ 獲取影片失敗: [Errno 2] No such file or directory: 'yt-dlp'
  ⚠️ 無法獲取影片

📺 處理頻道: 泛科學
  ⚠️ 獲取影片失敗: [Errno 2] No such file or directory: 'yt-dlp'
  ⚠️ 無法獲取影片

📺 處理頻道: 泛科學院
  ⚠️ 獲取影片失敗: [Errno 2] No such file or directory: 'yt-dlp'
  ⚠️ 無法獲取影片

========================================
📊 統計:
   ✅ 新增: 0
   ⏭️  跳過: 0
   ❌ 失敗: 0
🎉 完成!
🚀 智慧知識庫更新腳本
========================================

📺 處理頻道: 胡乃文开播
  ⚠️ 獲取影片失敗: [Errno 2] No such file or directory: 'yt-dlp'
  ⚠️ 無法獲取影片

📺 處理頻道: Dr.HuangAmin
  ⚠️ 獲取影片失敗: [Errno 2] No such file or directory: 'yt-dlp'
  ⚠️ 無法獲取影片

📺 處理頻道: 周慕姿放心說
  ⚠️ 獲取影片失敗: [Errno 2] No such file or directory: 'yt-dlp'
  ⚠️ 無法獲取影片

📺 處理頻道: 松明讲心理
  ⚠️ 獲取影片失敗: [Errno 2] No such file or directory: 'yt-dlp'
  ⚠️ 無法獲取影片

📺 處理頻道: DrHarveyTalk
  ⚠️ 獲取影片失敗: [Errno 2] No such file or directory: 'yt-dlp'
  ⚠️ 無法獲取影片

📺 處理頻道: Cofit211
  ⚠️ 獲取影片失敗: [Errno 2] No such file or directory: 'yt-dlp'
  ⚠️ 無法獲取影片

📺 處理頻道: 泛科學
  ⚠️ 獲取影片失敗: [Errno 2] No such file or directory: 'yt-dlp'
  ⚠️ 無法獲取影片

📺 處理頻道: 泛科學院
  ⚠️ 獲取影片失敗: [Errno 2] No such file or directory: 'yt-dlp'
  ⚠️ 無法獲取影片

========================================
📊 統計:
   ✅ 新增: 0
   ⏭️  跳過: 0
   ❌ 失敗: 0
🎉 完成!
🚀 智慧知識庫更新腳本
========================================

📺 處理頻道: 胡乃文开播
  ⚠️ 獲取影片失敗: [Errno 2] No such file or directory: 'yt-dlp'
  ⚠️ 無法獲取影片

📺 處理頻道: Dr.HuangAmin
  ⚠️ 獲取影片失敗: [Errno 2] No such file or directory: 'yt-dlp'
  ⚠️ 無法獲取影片

📺 處理頻道: 周慕姿放心說
  ⚠️ 獲取影片失敗: [Errno 2] No such file or directory: 'yt-dlp'
  ⚠️ 無法獲取影片

📺 處理頻道: 松明讲心理
  ⚠️ 獲取影片失敗: [Errno 2] No such file or directory: 'yt-dlp'
  ⚠️ 無法獲取影片

📺 處理頻道: DrHarveyTalk
  ⚠️ 獲取影片失敗: [Errno 2] No such file or directory: 'yt-dlp'
  ⚠️ 無法獲取影片

📺 處理頻道: Cofit211
  ⚠️ 獲取影片失敗: [Errno 2] No such file or directory: 'yt-dlp'
  ⚠️ 無法獲取影片

📺 處理頻道: 泛科學
  ⚠️ 獲取影片失敗: [Errno 2] No such file or directory: 'yt-dlp'
  ⚠️ 無法獲取影片

📺 處理頻道: 泛科學院
  ⚠️ 獲取影片失敗: [Errno 2] No such file or directory: 'yt-dlp'
  ⚠️ 無法獲取影片

========================================
📊 統計:
   ✅ 新增: 0
   ⏭️  跳過: 0
   ❌ 失敗: 0
🎉 完成!
🚀 智慧知識庫更新腳本
========================================

📺 處理頻道: 胡乃文开播
  ⚠️ 獲取影片失敗: [Errno 2] No such file or directory: 'yt-dlp'
  ⚠️ 無法獲取影片

📺 處理頻道: Dr.HuangAmin
  ⚠️ 獲取影片失敗: [Errno 2] No such file or directory: 'yt-dlp'
  ⚠️ 無法獲取影片

📺 處理頻道: 周慕姿放心說
  ⚠️ 獲取影片失敗: [Errno 2] No such file or directory: 'yt-dlp'
  ⚠️ 無法獲取影片

📺 處理頻道: 松明讲心理
  ⚠️ 獲取影片失敗: [Errno 2] No such file or directory: 'yt-dlp'
  ⚠️ 無法獲取影片

📺 處理頻道: DrHarveyTalk
  ⚠️ 獲取影片失敗: [Errno 2] No such file or directory: 'yt-dlp'
  ⚠️ 無法獲取影片

📺 處理頻道: Cofit211
  ⚠️ 獲取影片失敗: [Errno 2] No such file or directory: 'yt-dlp'
  ⚠️ 無法獲取影片

📺 處理頻道: 泛科學
  ⚠️ 獲取影片失敗: [Errno 2] No such file or directory: 'yt-dlp'
  ⚠️ 無法獲取影片

📺 處理頻道: 泛科學院
  ⚠️ 獲取影片失敗: [Errno 2] No such file or directory: 'yt-dlp'
  ⚠️ 無法獲取影片

========================================
📊 統計:
   ✅ 新增: 0
   ⏭️  跳過: 0
   ❌ 失敗: 0
🎉 完成!
🚀 智慧知識庫更新腳本
========================================

📺 處理頻道: 胡乃文开播
  ⚠️ 獲取影片失敗: [Errno 2] No such file or directory: 'yt-dlp'
  ⚠️ 無法獲取影片

📺 處理頻道: Dr.HuangAmin
  ⚠️ 獲取影片失敗: [Errno 2] No such file or directory: 'yt-dlp'
  ⚠️ 無法獲取影片

📺 處理頻道: 周慕姿放心說
  ⚠️ 獲取影片失敗: [Errno 2] No such file or directory: 'yt-dlp'
  ⚠️ 無法獲取影片

📺 處理頻道: 松明讲心理
  ⚠️ 獲取影片失敗: [Errno 2] No such file or directory: 'yt-dlp'
  ⚠️ 無法獲取影片

📺 處理頻道: DrHarveyTalk
  ⚠️ 獲取影片失敗: [Errno 2] No such file or directory: 'yt-dlp'
  ⚠️ 無法獲取影片

📺 處理頻道: Cofit211
  ⚠️ 獲取影片失敗: [Errno 2] No such file or directory: 'yt-dlp'
  ⚠️ 無法獲取影片

📺 處理頻道: 泛科學
  ⚠️ 獲取影片失敗: [Errno 2] No such file or directory: 'yt-dlp'
  ⚠️ 無法獲取影片

📺 處理頻道: 泛科學院
  ⚠️ 獲取影片失敗: [Errno 2] No such file or directory: 'yt-dlp'
  ⚠️ 無法獲取影片

========================================
📊 統計:
   ✅ 新增: 0
   ⏭️  跳過: 0
   ❌ 失敗: 0
🎉 完成!
🚀 智慧知識庫更新腳本
========================================

📺 處理頻道: 胡乃文开播
  ⚠️ 獲取影片失敗: [Errno 2] No such file or directory: 'yt-dlp'
  ⚠️ 無法獲取影片

📺 處理頻道: Dr.HuangAmin
  ⚠️ 獲取影片失敗: [Errno 2] No such file or directory: 'yt-dlp'
  ⚠️ 無法獲取影片

📺 處理頻道: 周慕姿放心說
  ⚠️ 獲取影片失敗: [Errno 2] No such file or directory: 'yt-dlp'
  ⚠️ 無法獲取影片

📺 處理頻道: 松明讲心理
  ⚠️ 獲取影片失敗: [Errno 2] No such file or directory: 'yt-dlp'
  ⚠️ 無法獲取影片

📺 處理頻道: DrHarveyTalk
  ⚠️ 獲取影片失敗: [Errno 2] No such file or directory: 'yt-dlp'
  ⚠️ 無法獲取影片

📺 處理頻道: Cofit211
  ⚠️ 獲取影片失敗: [Errno 2] No such file or directory: 'yt-dlp'
  ⚠️ 無法獲取影片

📺 處理頻道: 泛科學
  ⚠️ 獲取影片失敗: [Errno 2] No such file or directory: 'yt-dlp'
  ⚠️ 無法獲取影片

📺 處理頻道: 泛科學院
  ⚠️ 獲取影片失敗: [Errno 2] No such file or directory: 'yt-dlp'
  ⚠️ 無法獲取影片

========================================
📊 統計:
   ✅ 新增: 0
   ⏭️  跳過: 0
   ❌ 失敗: 0
🎉 完成!
🚀 智慧知識庫更新腳本
========================================

📺 處理頻道: 胡乃文开播
  ⚠️ 獲取影片失敗: [Errno 2] No such file or directory: 'yt-dlp'
  ⚠️ 無法獲取影片

📺 處理頻道: Dr.HuangAmin
  ⚠️ 獲取影片失敗: [Errno 2] No such file or directory: 'yt-dlp'
  ⚠️ 無法獲取影片

📺 處理頻道: 周慕姿放心說
  ⚠️ 獲取影片失敗: [Errno 2] No such file or directory: 'yt-dlp'
  ⚠️ 無法獲取影片

📺 處理頻道: 松明讲心理
  ⚠️ 獲取影片失敗: [Errno 2] No such file or directory: 'yt-dlp'
  ⚠️ 無法獲取影片

📺 處理頻道: DrHarveyTalk
  ⚠️ 獲取影片失敗: [Errno 2] No such file or directory: 'yt-dlp'
  ⚠️ 無法獲取影片

📺 處理頻道: Cofit211
  ⚠️ 獲取影片失敗: [Errno 2] No such file or directory: 'yt-dlp'
  ⚠️ 無法獲取影片

📺 處理頻道: 泛科學
  ⚠️ 獲取影片失敗: [Errno 2] No such file or directory: 'yt-dlp'
  ⚠️ 無法獲取影片

📺 處理頻道: 泛科學院
  ⚠️ 獲取影片失敗: [Errno 2] No such file or directory: 'yt-dlp'
  ⚠️ 無法獲取影片

========================================
📊 統計:
   ✅ 新增: 0
   ⏭️  跳過: 0
   ❌ 失敗: 0
🎉 完成!
🚀 kd 知識庫更新腳本 (統一用 kd)
==================================================

📺 處理頻道: 胡乃文开播 (@Dr.Hu_talk)
  ⚠️ 獲取影片失敗: [Errno 2] No such file or directory: 'yt-dlp'
  ⚠️ 無法獲取影片

📺 處理頻道: 柏格醫生中文 (@drbergchinese)
  ⚠️ 獲取影片失敗: [Errno 2] No such file or directory: 'yt-dlp'
  ⚠️ 無法獲取影片

📺 處理頻道: Dr.HuangAmin (@Dr.HuangAmin)
  ⚠️ 獲取影片失敗: [Errno 2] No such file or directory: 'yt-dlp'
  ⚠️ 無法獲取影片

📺 處理頻道: 周慕姿放心說 (@muerstalk)
  ⚠️ 獲取影片失敗: [Errno 2] No such file or directory: 'yt-dlp'
  ⚠️ 無法獲取影片

📺 處理頻道: 松明讲心理 (@SongMing)
  ⚠️ 獲取影片失敗: [Errno 2] No such file or directory: 'yt-dlp'
  ⚠️ 無法獲取影片

📺 處理頻道: 超真實商談 (@RealBizChat)
  ⚠️ 獲取影片失敗: [Errno 2] No such file or directory: 'yt-dlp'
  ⚠️ 無法獲取影片

📺 處理頻道: Cofit211 (@Cofit211)
  ⚠️ 獲取影片失敗: [Errno 2] No such file or directory: 'yt-dlp'
  ⚠️ 無法獲取影片

📺 處理頻道: 泛科學 (@PanScitw)
  ⚠️ 獲取影片失敗: [Errno 2] No such file or directory: 'yt-dlp'
  ⚠️ 無法獲取影片

📺 處理頻道: 泛科學院 (@panscischool)
  ⚠️ 獲取影片失敗: [Errno 2] No such file or directory: 'yt-dlp'
  ⚠️ 無法獲取影片

==================================================
📊 統計:
   ✅ 新增: 0
   ⏭️  跳過: 0
   ❌ 失敗: 0
🎉 完成!
🚀 知識庫更新（kd CLI）
==================================================

📺 胡乃文开播 (@Dr.Hu_talk)
  🔄 血壓總是早上5點-8點高，吃降血壓藥也不管用怎麼辦？｜胡乃文開講會員專... ASR... ❌ 失敗
  🔄 💖粉絲問什麼？胡太太逗趣提問，胡醫師親解答！胡乃文開講會員專屬10 ASR... ❌ 失敗

📺 柏格醫生中文 (@drbergchinese)
  🔄 為什麼運動能預防癌症？柏格醫生解釋：氧氣暴增10-20倍、ROS增10... ASR... ❌ 失敗
  🔄 【超級訪談】維生素D3超過您想像！身體正渴求維生素D!!D3毒性與高血... ASR... ❌ 失敗
  🔄 防彈咖啡會阻斷自噬嗎？柏格醫生解析：斷食中喝防彈咖啡的真相（MCT油、... ASR... ❌ 失敗

📺 Dr.HuangAmin (@Dr.HuangAmin)
  🔄 你靠吃「某些食物」才想大便，不正常！？必吃3種食物養腸道！｜迷思破解 ASR... ❌ 失敗
  🔄 手抬不起來，竟跟腸胃有關？內臟卡卡，手也會被扯住！｜功操大全 ASR... ❌ 失敗

📺 周慕姿放心說 (@muerstalk)
  🔄 別再逼自己快點做，只要改變「這件事」，五分鐘瞬間打破拖延魔咒｜Ft.李... ASR... ❌ 失敗

📺 松明讲心理 (@SongMing)
  🔄 愛操心的人，其實最孤單！#人生 #心理學 #煩惱 #認知 #智慧 #松... ASR... ❌ 失敗
  🔄 Learn to make choices so your life ... ASR... ❌ 失敗
  🔄 看清選擇背後的三大陷阱，做出更清晰的人生決策！#朋友 #人際關係 #溝... ASR... ❌ 失敗

📺 超真實商談 (@RealBizChat)

📺 Cofit211 (@Cofit211)
  🔄 【頻道會員專屬】腦科學權威：你擁有「重塑大腦」的能力，人生隨時能翻盤｜... ASR... ❌ 失敗
  🔄 腦科學權威：你擁有重塑大腦的能力！人生隨時能翻盤｜謝伯讓 教授【初日會... ASR... ❌ 失敗

📺 泛科學 (@PanScitw)
  🔄 【泛科學NEWS EP51】突破！用磁鐵薄膜仿石墨烯！月球上的開心農場... ASR... ❌ 失敗

📺 泛科學院 (@panscischool)

==================================================
📊 新增:0 跳過:27 失敗:14
🎉 完成!
🚀 知識庫更新（kd CLI）
==================================================

📺 胡乃文开播 (@Dr.Hu_talk)
  🔄 血壓總是早上5點-8點高，吃降血壓藥也不管用怎麼辦？｜胡乃文開講會員專... ASR... ❌ 失敗
  🔄 💖粉絲問什麼？胡太太逗趣提問，胡醫師親解答！胡乃文開講會員專屬10 ASR... ❌ 失敗

📺 柏格醫生中文 (@drbergchinese)
  🔄 這個維生素能殺死癌細胞 你卻不知道 ASR... ✅ ASR (2442字)
  🔄 薑黃vs布洛芬(止痛藥)：為什麼醫生偏偏推薦天然的 ASR... ✅ ASR (9640字)

📺 Dr.HuangAmin (@Dr.HuangAmin)

📺 周慕姿放心說 (@muerstalk)
  🔄 你不是廢，是太焦慮！撕下懶惰標籤，接住卡住的自己｜Ft.李東龜教授 ASR... ASR逾時 ❌ 失敗

📺 松明讲心理 (@SongMing)
  🔄 愛操心的人，其實最孤單！#人生 #心理學 #煩惱 #認知 #智慧 #松... ASR... ❌ 失敗
  🔄 Learn to make choices so your life ... ASR... ❌ 失敗
  🔄 看清選擇背後的三大陷阱，做出更清晰的人生決策！#朋友 #人際關係 #溝... ASR... ❌ 失敗

📺 超真實商談 (@RealBizChat)

📺 Cofit211 (@Cofit211)
  🔄 【頻道會員專屬】腦科學權威：你擁有「重塑大腦」的能力，人生隨時能翻盤｜... ASR... ❌ 失敗

📺 泛科學 (@PanScitw)
  🔄 【泛科學NEWS EP51】突破！用磁鐵薄膜仿石墨烯！月球上的開心農場... ASR... ❌ 失敗

📺 泛科學院 (@panscischool)

==================================================
📊 新增:2 跳過:33 失敗:8
🎉 完成!
🚀 知識庫更新（kd CLI）
==================================================

📺 胡乃文开播 (@Dr.Hu_talk)
  🔄 血壓總是早上5點-8點高，吃降血壓藥也不管用怎麼辦？｜胡乃文開講會員專... ASR... ❌ 失敗
  🔄 💖粉絲問什麼？胡太太逗趣提問，胡醫師親解答！胡乃文開講會員專屬10 ASR... ❌ 失敗

📺 柏格醫生中文 (@drbergchinese)

📺 Dr.HuangAmin (@Dr.HuangAmin)

📺 周慕姿放心說 (@muerstalk)

📺 松明讲心理 (@SongMing)
  🔄 愛操心的人，其實最孤單！#人生 #心理學 #煩惱 #認知 #智慧 #松... ASR... ❌ 失敗
  🔄 Learn to make choices so your life ... ASR... ❌ 失敗
  🔄 看清選擇背後的三大陷阱，做出更清晰的人生決策！#朋友 #人際關係 #溝... ASR... ❌ 失敗

📺 超真實商談 (@RealBizChat)

📺 Cofit211 (@Cofit211)
  🔄 【頻道會員專屬】腦科學權威：你擁有「重塑大腦」的能力，人生隨時能翻盤｜... ASR... ❌ 失敗

📺 泛科學 (@PanScitw)
  🔄 【泛科學NEWS EP51】突破！用磁鐵薄膜仿石墨烯！月球上的開心農場... ASR... ❌ 失敗

📺 泛科學院 (@panscischool)

==================================================
📊 新增:0 跳過:37 失敗:7
🎉 完成!
🚀 知識庫更新（kd CLI）
==================================================

📺 胡乃文开播 (@Dr.Hu_talk)
  🔄 不讓醫師演戲真的太可惜！喝這1杯花茶，血壓穩下來，眼睛不花了，頭也不痛... ASR... ❌ 失敗
  🔄 血壓總是早上5點-8點高，吃降血壓藥也不管用怎麼辦？｜胡乃文開講會員專... ASR... ❌ 失敗

📺 柏格醫生中文 (@drbergchinese)

📺 Dr.HuangAmin (@Dr.HuangAmin)

📺 周慕姿放心說 (@muerstalk)

📺 松明讲心理 (@SongMing)
  🔄 愛操心的人，其實最孤單！#人生 #心理學 #煩惱 #認知 #智慧 #松... ASR... ❌ 失敗
  🔄 Learn to make choices so your life ... ASR... ❌ 失敗
  🔄 看清選擇背後的三大陷阱，做出更清晰的人生決策！#朋友 #人際關係 #溝... ASR... ❌ 失敗

📺 超真實商談 (@RealBizChat)

📺 Cofit211 (@Cofit211)
  🔄 【頻道會員專屬】腦科學權威：你擁有「重塑大腦」的能力，人生隨時能翻盤｜... ASR... ❌ 失敗

📺 泛科學 (@PanScitw)

📺 泛科學院 (@panscischool)

==================================================
📊 新增:0 跳過:38 失敗:6
🎉 完成!
🚀 知識庫更新（kd CLI）
==================================================

📺 胡乃文开播 (@Dr.Hu_talk)
  🔄 不讓醫師演戲真的太可惜！喝這1杯花茶，血壓穩下來，眼睛不花了，頭也不痛... ASR... ❌ 失敗
  🔄 血壓總是早上5點-8點高，吃降血壓藥也不管用怎麼辦？｜胡乃文開講會員專... ASR... ❌ 失敗

📺 柏格醫生中文 (@drbergchinese)
  🔄 戒不掉糖、菸、色情、社媒？柏格醫生教你：NAC + 鎂 + 催產素 7... ASR... ✅ ASR (12596字)
  🔄 麵包真正毒物不是麩質！血糖暴衝、胰島素阻抗元兇曝光，戒掉後該吃什麼？｜... ASR... ✅ ASR (9497字)

📺 Dr.HuangAmin (@Dr.HuangAmin)

📺 周慕姿放心說 (@muerstalk)

📺 松明讲心理 (@SongMing)
  🔄 Why do so many women, despite being... ✅ subtitles (3044字)
  🔄 愛操心的人，其實最孤單！#人生 #心理學 #煩惱 #認知 #智慧 #松... ASR... ❌ 失敗
  🔄 Learn to make choices so your life ... ASR... ❌ 失敗

📺 超真實商談 (@RealBizChat)

📺 Cofit211 (@Cofit211)
  🔄 Feeling tired after just one workou... ✅ subtitles (2724字)
  🔄 【頻道會員專屬】腦科學權威：你擁有「重塑大腦」的能力，人生隨時能翻盤｜... ASR... ❌ 失敗

📺 泛科學 (@PanScitw)

📺 泛科學院 (@panscischool)

==================================================
📊 新增:4 跳過:35 失敗:5
🎉 完成!
🚀 知識庫更新（kd CLI）
==================================================

📺 胡乃文开播 (@Dr.Hu_talk)
  🔄 地瓜葉菊花茶讓濕疹好得快，但你吃對了嗎？她雙腿癢2個月竟是肝出大問題！... ASR... ❌ 失敗
  🔄 不讓醫師演戲真的太可惜！喝這1杯花茶，血壓穩下來，眼睛不花了，頭也不痛... ASR... ❌ 失敗
  🔄 血壓總是早上5點-8點高，吃降血壓藥也不管用怎麼辦？｜胡乃文開講會員專... ASR... ❌ 失敗

📺 柏格醫生中文 (@drbergchinese)
  🔄 癌症根本不是基因突變！柏格醫生：只要做對這30件事，從「粒線體」餓死癌... ASR... ✅ ASR (18745字)
  🔄 莫名焦慮、半夜醒來？可能是缺鎂！揭曉 9 大缺鎂警訊：為什麼「驗血正常... ASR... ✅ ASR (9589字)
  🔄 頭前傾2.5公分加重4.5公斤！柏格醫生教你每晚幾分鐘快速矯正駝背（筋... ASR... ✅ ASR (6452字)

📺 Dr.HuangAmin (@Dr.HuangAmin)

📺 周慕姿放心說 (@muerstalk)

📺 松明讲心理 (@SongMing)
  🔄 愛操心的人，其實最孤單！#人生 #心理學 #煩惱 #認知 #智慧 #松... ASR... ❌ 失敗
  🔄 Learn to make choices so your life ... ASR... ❌ 失敗
  🔄 看清選擇背後的三大陷阱，做出更清晰的人生決策！#朋友 #人際關係 #溝... ASR... ❌ 失敗

📺 超真實商談 (@RealBizChat)
  🔄 The founder of a US stock ETF share... ✅ subtitles (18657字)

📺 Cofit211 (@Cofit211)
  🔄 【頻道會員專屬】腦科學權威：你擁有「重塑大腦」的能力，人生隨時能翻盤｜... ASR... ❌ 失敗

📺 泛科學 (@PanScitw)

📺 泛科學院 (@panscischool)

==================================================
📊 新增:4 跳過:32 失敗:7
🎉 完成!
🚀 知識庫更新（kd CLI）
==================================================

📺 胡乃文开播 (@Dr.Hu_talk)
  🔄 注意！她癢2個月查出是肝癌！春季濕疹大爆發，按2穴止癢，戒3件事。吃1... ASR... ✅ ASR (2688字)
  🔄 不讓醫師演戲真的太可惜！喝這1杯花茶，血壓穩下來，眼睛不花了，頭也不痛... ASR... ❌ 失敗
  🔄 血壓總是早上5點-8點高，吃降血壓藥也不管用怎麼辦？｜胡乃文開講會員專... ASR... ❌ 失敗
  🔄 💖粉絲問什麼？胡太太逗趣提問，胡醫師親解答！胡乃文開講會員專屬10 ASR... ❌ 失敗
  🔄 {沒看到太可惜！醫師爆笑模仿蔣部長，全場笑翻｜胡乃文開講會員專屬9 ASR... ❌ 失敗

📺 柏格醫生中文 (@drbergchinese)
  🔄 類風濕與骨關節炎救星！戒掉 7 種糟食物，靠「高硫蔬菜與強效 D3」逆... ASR... ✅ ASR (20554字)
  🔄 佛羅里達新法案威脅言論自由？批評糖與農藥恐被告，食品誹謗法大擴張內幕 ASR... ✅ ASR (5063字)
  🔄 清血管這樣吃就對了！逆轉三高、改善心臟病、糖尿病、慢性腎臟病的科學飲食... ASR... ✅ ASR (21449字)
  🔄 半夜起床尿尿?根本原因不在膀胱 ASR... ✅ ASR (10319字)

📺 Dr.HuangAmin (@Dr.HuangAmin)
  🔄 轉頭就痛！頸因性頭痛，真正的原因在手部！？｜功操大全 ASR... ✅ ASR (3455字)
  🔄 骨盆前傾一招練回正臀！檢測你有沒有假翹臀！｜功操大全 ASR... ✅ ASR (3332字)
  🔄 你的身體會替情緒說話？什麼是身心學？feat.趙耕樂身心療癒師｜功操大... ASR... ✅ ASR (5715字)
  🔄 別再硬按！淋巴塞，痠痛來！帶你一起疏通淋巴｜功操大全 ASR... ✅ ASR (3502字)
  🔄 烏龜頸，脖子前傾的真相！搞錯原因復健還是凸！｜功操大全 ASR... ✅ ASR (2599字)

📺 周慕姿放心說 (@muerstalk)
  🔄 【十分鐘心理學】打破懶惰迷思！解析5大拖延類型背後的情緒防衛 ✅ subtitles (8260字)
  🔄 【十分鐘心理學】當惡意襲來，如何像哈利一樣守住自己的光？ ✅ subtitles (8862字)
  🔄 【十分鐘心理學】別再當家裡的「情緒垃圾桶」，拒絕過度負責的勇氣 ✅ subtitles (6141字)
  🔄 你的退讓與成全，是在保護關係，還是在消耗自我？｜Ft.賴芳玉 ✅ subtitles (25090字)

📺 松明讲心理 (@SongMing)
  🔄 If you awaken, even fate will have ... ✅ subtitles (1885字)
  🔄 愛操心的人，其實最孤單！#人生 #心理學 #煩惱 #認知 #智慧 #松... ASR... ❌ 失敗
  🔄 Learn to make choices so your life ... ASR... ❌ 失敗
  🔄 看清選擇背後的三大陷阱，做出更清晰的人生決策！#朋友 #人際關係 #溝... ASR... ❌ 失敗
  🔄 The power of choice: Living your ow... ASR... ❌ 失敗
  🔄 Long-distance relationships are ero... ASR... ✅ ASR (2372字)
  🔄 內心強大到可怕的10種心境！#人生 #心理學 #煩惱 #認知 #智慧 ... ASR... ❌ 失敗
  🔄 當恨佔滿了心，親密就進不來！#情感 #愛情 #戀愛 #離婚  #松明 ... ASR... ❌ 失敗

📺 超真實商談 (@RealBizChat)
  🔄 普通人如何在大國博弈的夾縫中重建長期投資世界觀 ✅ subtitles (17816字)
  🔄 The Truth Behind the Semiconductor ... ✅ subtitles (19373字)
  🔄 Looking at silver, what games are b... ✅ subtitles (4115字)
  🔄 Go to New York to attend a blockcha... ✅ subtitles (5237字)

📺 Cofit211 (@Cofit211)
  🔄 別再被高蛋白、無糖洗腦，看懂成分表才是預防慢性病重要關鍵｜初日診所 王... ✅ subtitles (4152字)
  🔄 【頻道會員專屬】腦科學權威：你擁有「重塑大腦」的能力，人生隨時能翻盤｜... ASR... ❌ 失敗
  🔄 這動作能緩解腰痠背痛？科學實證：真的有用｜初日診所 魏士航醫師 fea... ASR... ❌ 失敗
  🔄 One million subscribers reached! Dr... ✅ subtitles (6856字)

📺 泛科學 (@PanScitw)
  🔄 封印在深海的遠古森林，牠們還活著！【慢科學EP6】 ✅ subtitles (6691字)
  🔄 奧特曼為何看衰？太空AI資料中心錯在哪？ ✅ subtitles (3580字)
  🔄 【泛科學NEWS EP48】科學家捕捉到幽靈星系！運動能逆轉阿茲海默？ ✅ subtitles (8927字)
  🔄 Is this the best way to completely ... ✅ subtitles (4805字)
  🔄 [Pan-Science NEWS EP47] When is it ... ✅ subtitles (8137字)

📺 泛科學院 (@panscischool)
  🔄 Real-world testing in four scenario... ✅ subtitles (16504字)
  🔄 2026: AI Bubble or Revolution? Goog... ✅ subtitles (9241字)
  🔄 [2026 Best AI Subscription Guide] C... ASR... ✅ ASR (4068字)
  🔄 NotebookLM generates amazing presen... ✅ subtitles (2340字)
  🔄 Google's cutting-edge technology! O... ✅ subtitles (3434字)

==================================================
📊 新增:32 跳過:46 失敗:12
🎉 完成!
🚀 字幕頻道爬蟲...
============================================================
🚀 字幕頻道爬蟲（快速版）- 06:00:00
============================================================

📺 [6/6] 超真實商談
  ✅ 無新影片

📺 [1/6] 松明讲心理
  ⏭️  跳過 22 個會員限定
  ✅ 無新影片

📺 [2/6] 周慕姿放心說
  ✅ 無新影片

📺 [3/6] Cofit211
  ⏭️  跳過 8 個會員限定
  🔄 [Channel Member Exclusive] I… ❌
  📊 Cofit211: 0✅ 1❌ | 進度 70/32 (218%)

============================================================
✅ 完成! 時間: 06:00:20
============================================================


🎤 ASR 轉錄爬蟲...
============================================================
🎤 ASR 轉錄爬蟲（慢速版）- 06:00:21
============================================================

📺 [1/3] 柏格醫生中文（ASR 轉錄）
  ✅ 無新影片

📺 [2/3] 胡乃文开播（ASR 轉錄）
  ⏭️  跳過 16 個會員限定
  ✅ 無新影片

📺 [3/3] Dr.HuangAmin（ASR 轉錄）
  ✅ 無新影片

============================================================
✅ 完成! 時間: 06:00:24
============================================================


✅ 完成!
🚀 字幕頻道爬蟲...
==========
🚀 字幕頻道爬蟲（快速版）- 06:00:01
============================================================

📺 [4/6] 泛科學
  ✅ 無新影片

📺 [5/6] 泛科學院
  ⏭️  跳過 4 個會員限定
  ✅ 無新影片

📺 [6/6] 超真實商談
  ✅ 無新影片

📺 [1/6] 松明讲心理
  ⏭️  跳過 21 個會員限定
  ✅ 無新影片

📺 [2/6] 周慕姿放心說
  ✅ 無新影片

📺 [3/6] Cofit211
  ⏭️  跳過 8 個會員限定
  🔄 [Channel Member Exclusive] I… ❌
  📊 Cofit211: 0✅ 1❌ | 進度 70/32 (218%)

============================================================
✅ 完成! 時間: 06:00:23
============================================================


🎤 ASR 轉錄爬蟲...
============================================================
🎤 ASR 轉錄爬蟲（慢速版）- 06:00:23
============================================================

📺 [1/3] 柏格醫生中文（ASR 轉錄）
  ✅ 無新影片

📺 [2/3] 胡乃文开播（ASR 轉錄）
  ⏭️  跳過 16 個會員限定
  ✅ 無新影片

📺 [3/3] Dr.HuangAmin（ASR 轉錄）
  ✅ 無新影片

============================================================
✅ 完成! 時間: 06:00:27
============================================================


✅ 完成!
🚀 字幕頻道爬蟲...
=========
🚀 字幕頻道爬蟲（快速版）- 06:00:01
============================================================

📺 [4/6] 泛科學
  ✅ 無新影片

📺 [5/6] 泛科學院
  ⏭️  跳過 4 個會員限定
  ✅ 無新影片

📺 [6/6] 超真實商談
  ✅ 無新影片

📺 [1/6] 松明讲心理
  ⏭️  跳過 20 個會員限定
  ✅ 無新影片

📺 [2/6] 周慕姿放心說
  ✅ 無新影片

📺 [3/6] Cofit211
  ⏭️  跳過 8 個會員限定
  🔄 [Channel Member Exclusive] I… ❌
  📊 Cofit211: 0✅ 1❌ | 進度 137/32 (428%)

============================================================
✅ 完成! 時間: 06:00:20
============================================================


🎤 ASR 轉錄爬蟲...
==============

📺 [1/3] 柏格醫生中文（ASR 轉錄）
  🎤 丁香水怎麼做？解肝毒、助眠、改善消化，這杯「萬用健康水」… MLX錯誤:No module named 'mlx_whisper' ❌
  🎤 警告！吞牙膏會中毒？含氟牙膏的驚人真相：氟如何毀掉你的松… MLX錯誤:No module named 'mlx_whisper' ❌
  🎤 你的眩暈可能來自缺乏這個礦物質｜改善平衡感的秘訣 MLX錯誤:No module named 'mlx_whisper' ❌
  🎤 皮膚癢只是過敏？大肚子只是肥胖？半夜驚醒失眠？可能是您的… MLX錯誤:No module named 'mlx_whisper' ❌
  📊 柏格醫生中文: 0✅ 4❌ | 進度 67/60 (111%)

============================================================
✅ 完成! 時間: 06:02:17
============================================================


✅ 完成!
bash: crawl_top3pct.sh: No such file or directory
--- kd_crawl Sat May  9 17:00:11 CST 2026
========================================
kd 知識庫爬蟲 v3 Sat May  9 17:00:11 CST 2026
錯誤自動繼續模式
========================================
📊 起始進度已記錄

📺 頻道: 胡乃文开播 (@Dr.Hu_talk)
  ❌ 無法獲取影片列表，跳過

📺 頻道: 柏格醫生中文 (@drbergchinese)
  ❌ 無法獲取影片列表，跳過

📺 頻道: Dr.HuangAmin (@Dr.HuangAmin)
  ❌ 無法獲取影片列表，跳過

📺 頻道: 周慕姿放心說 (@muerstalk)
  ❌ 無法獲取影片列表，跳過

📺 頻道: 松明讲心理 (@SongMing)
  ❌ 無法獲取影片列表，跳過

📺 頻道: 超真實商談 (@RealBizChat)
  ❌ 無法獲取影片列表，跳過

📺 頻道: Cofit211 (@Cofit211)
  ❌ 無法獲取影片列表，跳過

📺 頻道: 泛科學 (@PanScitw)
  ❌ 無法獲取影片列表，跳過

📺 頻道: 泛科學院 (@panscischool)
  ❌ 無法獲取影片列表，跳過

📺 頻道: top3pct (@top3pct)
  ❌ 無法獲取影片列表，跳過

🎉 完成 Sat May  9 17:00:12 CST 2026
成功: 0 | 錯誤: 0

📈 最終進度：
頻道,YouTube總數,已爬,進度%
胡乃文开播,0,78,0%
柏格醫生中文,0,127,0%
Dr.HuangAmin,0,73,0%
周慕姿放心說,0,123,0%
松明讲心理,0,11,0%
超真實商談,0,0,0%
Cofit211,0,228,0%
泛科學,0,26,0%
泛科學院,0,98,0%
top3pct,0,0,0%
bash: crawl_top3pct.sh: No such file or directory
--- kd_crawl Sat May  9 18:00:12 CST 2026
========================================
kd 知識庫爬蟲 v3 Sat May  9 18:00:12 CST 2026
錯誤自動繼續模式
========================================
📊 起始進度已記錄

📺 頻道: 胡乃文开播 (@Dr.Hu_talk)
  ❌ 無法獲取影片列表，跳過

📺 頻道: 柏格醫生中文 (@drbergchinese)
  ❌ 無法獲取影片列表，跳過

📺 頻道: Dr.HuangAmin (@Dr.HuangAmin)
  ❌ 無法獲取影片列表，跳過

📺 頻道: 周慕姿放心說 (@muerstalk)
  ❌ 無法獲取影片列表，跳過

📺 頻道: 松明讲心理 (@SongMing)
  ❌ 無法獲取影片列表，跳過

📺 頻道: 超真實商談 (@RealBizChat)
  ❌ 無法獲取影片列表，跳過

📺 頻道: Cofit211 (@Cofit211)
  ❌ 無法獲取影片列表，跳過

📺 頻道: 泛科學 (@PanScitw)
  ❌ 無法獲取影片列表，跳過

📺 頻道: 泛科學院 (@panscischool)
  ❌ 無法獲取影片列表，跳過

📺 頻道: top3pct (@top3pct)
  ❌ 無法獲取影片列表，跳過

🎉 完成 Sat May  9 18:00:13 CST 2026
成功: 0 | 錯誤: 0

📈 最終進度：
頻道,YouTube總數,已爬,進度%
胡乃文开播,0,78,0%
柏格醫生中文,0,127,0%
Dr.HuangAmin,0,73,0%
周慕姿放心說,0,123,0%
松明讲心理,0,11,0%
超真實商談,0,0,0%
Cofit211,0,228,0%
泛科學,0,26,0%
泛科學院,0,98,0%
top3pct,0,0,0%
bash: crawl_top3pct.sh: No such file or directory
--- kd_crawl Sat May  9 19:00:13 CST 2026
========================================
kd 知識庫爬蟲 v3 Sat May  9 19:00:13 CST 2026
錯誤自動繼續模式
========================================
📊 起始進度已記錄

📺 頻道: 胡乃文开播 (@Dr.Hu_talk)
  ❌ 無法獲取影片列表，跳過

📺 頻道: 柏格醫生中文 (@drbergchinese)
  ❌ 無法獲取影片列表，跳過

📺 頻道: Dr.HuangAmin (@Dr.HuangAmin)
  ❌ 無法獲取影片列表，跳過

📺 頻道: 周慕姿放心說 (@muerstalk)
  ❌ 無法獲取影片列表，跳過

📺 頻道: 松明讲心理 (@SongMing)
  ❌ 無法獲取影片列表，跳過

📺 頻道: 超真實商談 (@RealBizChat)
  ❌ 無法獲取影片列表，跳過

📺 頻道: Cofit211 (@Cofit211)
  ❌ 無法獲取影片列表，跳過

📺 頻道: 泛科學 (@PanScitw)
  ❌ 無法獲取影片列表，跳過

📺 頻道: 泛科學院 (@panscischool)
  ❌ 無法獲取影片列表，跳過

📺 頻道: top3pct (@top3pct)
  ❌ 無法獲取影片列表，跳過

🎉 完成 Sat May  9 19:00:14 CST 2026
成功: 0 | 錯誤: 0

📈 最終進度：
頻道,YouTube總數,已爬,進度%
胡乃文开播,0,78,0%
柏格醫生中文,0,127,0%
Dr.HuangAmin,0,73,0%
周慕姿放心說,0,123,0%
松明讲心理,0,11,0%
超真實商談,0,0,0%
Cofit211,0,228,0%
泛科學,0,26,0%
泛科學院,0,98,0%
top3pct,0,0,0%
bash: crawl_top3pct.sh: No such file or directory
--- kd_crawl Sat May  9 20:00:15 CST 2026
========================================
kd 知識庫爬蟲 v3 Sat May  9 20:00:15 CST 2026
錯誤自動繼續模式
========================================
📊 起始進度已記錄

📺 頻道: 胡乃文开播 (@Dr.Hu_talk)
  ❌ 無法獲取影片列表，跳過

📺 頻道: 柏格醫生中文 (@drbergchinese)
  ❌ 無法獲取影片列表，跳過

📺 頻道: Dr.HuangAmin (@Dr.HuangAmin)
  ❌ 無法獲取影片列表，跳過

📺 頻道: 周慕姿放心說 (@muerstalk)
  ❌ 無法獲取影片列表，跳過

📺 頻道: 松明讲心理 (@SongMing)
  ❌ 無法獲取影片列表，跳過

📺 頻道: 超真實商談 (@RealBizChat)
  ❌ 無法獲取影片列表，跳過

📺 頻道: Cofit211 (@Cofit211)
  ❌ 無法獲取影片列表，跳過

📺 頻道: 泛科學 (@PanScitw)
  ❌ 無法獲取影片列表，跳過

📺 頻道: 泛科學院 (@panscischool)
  ❌ 無法獲取影片列表，跳過

📺 頻道: top3pct (@top3pct)
  ❌ 無法獲取影片列表，跳過

🎉 完成 Sat May  9 20:00:15 CST 2026
成功: 0 | 錯誤: 0

📈 最終進度：
頻道,YouTube總數,已爬,進度%
胡乃文开播,0,78,0%
柏格醫生中文,0,127,0%
Dr.HuangAmin,0,73,0%
周慕姿放心說,0,123,0%
松明讲心理,0,11,0%
超真實商談,0,0,0%
Cofit211,0,228,0%
泛科學,0,26,0%
泛科學院,0,98,0%
top3pct,0,0,0%
bash: crawl_top3pct.sh: No such file or directory
--- kd_crawl Sat May  9 21:00:16 CST 2026
========================================
kd 知識庫爬蟲 v3 Sat May  9 21:00:16 CST 2026
錯誤自動繼續模式
========================================
📊 起始進度已記錄

📺 頻道: 胡乃文开播 (@Dr.Hu_talk)
  ❌ 無法獲取影片列表，跳過

📺 頻道: 柏格醫生中文 (@drbergchinese)
  ❌ 無法獲取影片列表，跳過

📺 頻道: Dr.HuangAmin (@Dr.HuangAmin)
  ❌ 無法獲取影片列表，跳過

📺 頻道: 周慕姿放心說 (@muerstalk)
  ❌ 無法獲取影片列表，跳過

📺 頻道: 松明讲心理 (@SongMing)
  ❌ 無法獲取影片列表，跳過

📺 頻道: 超真實商談 (@RealBizChat)
  ❌ 無法獲取影片列表，跳過

📺 頻道: Cofit211 (@Cofit211)
  ❌ 無法獲取影片列表，跳過

📺 頻道: 泛科學 (@PanScitw)
  ❌ 無法獲取影片列表，跳過

📺 頻道: 泛科學院 (@panscischool)
  ❌ 無法獲取影片列表，跳過

📺 頻道: top3pct (@top3pct)
  ❌ 無法獲取影片列表，跳過

🎉 完成 Sat May  9 21:00:16 CST 2026
成功: 0 | 錯誤: 0

📈 最終進度：
頻道,YouTube總數,已爬,進度%
胡乃文开播,0,78,0%
柏格醫生中文,0,127,0%
Dr.HuangAmin,0,73,0%
周慕姿放心說,0,123,0%
松明讲心理,0,11,0%
超真實商談,0,0,0%
Cofit211,0,228,0%
泛科學,0,26,0%
泛科學院,0,98,0%
top3pct,0,0,0%
bash: crawl_top3pct.sh: No such file or directory
--- kd_crawl Sat May  9 22:00:17 CST 2026
========================================
kd 知識庫爬蟲 v3 Sat May  9 22:00:17 CST 2026
錯誤自動繼續模式
========================================
📊 起始進度已記錄

📺 頻道: 胡乃文开播 (@Dr.Hu_talk)
  ❌ 無法獲取影片列表，跳過

📺 頻道: 柏格醫生中文 (@drbergchinese)
  ❌ 無法獲取影片列表，跳過

📺 頻道: Dr.HuangAmin (@Dr.HuangAmin)
  ❌ 無法獲取影片列表，跳過

📺 頻道: 周慕姿放心說 (@muerstalk)
  ❌ 無法獲取影片列表，跳過

📺 頻道: 松明讲心理 (@SongMing)
  ❌ 無法獲取影片列表，跳過

📺 頻道: 超真實商談 (@RealBizChat)
  ❌ 無法獲取影片列表，跳過

📺 頻道: Cofit211 (@Cofit211)
  ❌ 無法獲取影片列表，跳過

📺 頻道: 泛科學 (@PanScitw)
  ❌ 無法獲取影片列表，跳過

📺 頻道: 泛科學院 (@panscischool)
  ❌ 無法獲取影片列表，跳過

📺 頻道: top3pct (@top3pct)
  ❌ 無法獲取影片列表，跳過

🎉 完成 Sat May  9 22:00:18 CST 2026
成功: 0 | 錯誤: 0

📈 最終進度：
頻道,YouTube總數,已爬,進度%
胡乃文开播,0,78,0%
柏格醫生中文,0,127,0%
Dr.HuangAmin,0,73,0%
周慕姿放心說,0,123,0%
松明讲心理,0,11,0%
超真實商談,0,0,0%
Cofit211,0,228,0%
泛科學,0,26,0%
泛科學院,0,98,0%
top3pct,0,0,0%
bash: crawl_top3pct.sh: No such file or directory
--- kd_crawl Sat May  9 23:00:18 CST 2026
========================================
kd 知識庫爬蟲 v3 Sat May  9 23:00:18 CST 2026
錯誤自動繼續模式
========================================
📊 起始進度已記錄

📺 頻道: 胡乃文开播 (@Dr.Hu_talk)
  ❌ 無法獲取影片列表，跳過

📺 頻道: 柏格醫生中文 (@drbergchinese)
  ❌ 無法獲取影片列表，跳過

📺 頻道: Dr.HuangAmin (@Dr.HuangAmin)
  ❌ 無法獲取影片列表，跳過

📺 頻道: 周慕姿放心說 (@muerstalk)
  ❌ 無法獲取影片列表，跳過

📺 頻道: 松明讲心理 (@SongMing)
  ❌ 無法獲取影片列表，跳過

📺 頻道: 超真實商談 (@RealBizChat)
  ❌ 無法獲取影片列表，跳過

📺 頻道: Cofit211 (@Cofit211)
  ❌ 無法獲取影片列表，跳過

📺 頻道: 泛科學 (@PanScitw)
  ❌ 無法獲取影片列表，跳過

📺 頻道: 泛科學院 (@panscischool)
  ❌ 無法獲取影片列表，跳過

📺 頻道: top3pct (@top3pct)
  ❌ 無法獲取影片列表，跳過

🎉 完成 Sat May  9 23:00:19 CST 2026
成功: 0 | 錯誤: 0

📈 最終進度：
頻道,YouTube總數,已爬,進度%
胡乃文开播,0,78,0%
柏格醫生中文,0,127,0%
Dr.HuangAmin,0,73,0%
周慕姿放心說,0,123,0%
松明讲心理,0,11,0%
超真實商談,0,0,0%
Cofit211,0,228,0%
泛科學,0,26,0%
泛科學院,0,98,0%
top3pct,0,0,0%
bash: crawl_top3pct.sh: No such file or directory
--- kd_crawl Sun May 10 00:00:19 CST 2026
========================================
kd 知識庫爬蟲 v3 Sun May 10 00:00:19 CST 2026
錯誤自動繼續模式
========================================
📊 起始進度已記錄

📺 頻道: 胡乃文开播 (@Dr.Hu_talk)
  ❌ 無法獲取影片列表，跳過

📺 頻道: 柏格醫生中文 (@drbergchinese)
  ❌ 無法獲取影片列表，跳過

📺 頻道: Dr.HuangAmin (@Dr.HuangAmin)
  ❌ 無法獲取影片列表，跳過

📺 頻道: 周慕姿放心說 (@muerstalk)
  ❌ 無法獲取影片列表，跳過

📺 頻道: 松明讲心理 (@SongMing)
  ❌ 無法獲取影片列表，跳過

📺 頻道: 超真實商談 (@RealBizChat)
  ❌ 無法獲取影片列表，跳過

📺 頻道: Cofit211 (@Cofit211)
  ❌ 無法獲取影片列表，跳過

📺 頻道: 泛科學 (@PanScitw)
  ❌ 無法獲取影片列表，跳過

📺 頻道: 泛科學院 (@panscischool)
  ❌ 無法獲取影片列表，跳過

📺 頻道: top3pct (@top3pct)
  ❌ 無法獲取影片列表，跳過

🎉 完成 Sun May 10 00:00:20 CST 2026
成功: 0 | 錯誤: 0

📈 最終進度：
頻道,YouTube總數,已爬,進度%
胡乃文开播,0,78,0%
柏格醫生中文,0,127,0%
Dr.HuangAmin,0,73,0%
周慕姿放心說,0,123,0%
松明讲心理,0,11,0%
超真實商談,0,0,0%
Cofit211,0,228,0%
泛科學,0,26,0%
泛科學院,0,98,0%
top3pct,0,0,0%
bash: crawl_top3pct.sh: No such file or directory
--- kd_crawl Sun May 10 01:00:20 CST 2026
========================================
kd 知識庫爬蟲 v3 Sun May 10 01:00:20 CST 2026
錯誤自動繼續模式
========================================
📊 起始進度已記錄

📺 頻道: 胡乃文开播 (@Dr.Hu_talk)
  ❌ 無法獲取影片列表，跳過

📺 頻道: 柏格醫生中文 (@drbergchinese)
  ❌ 無法獲取影片列表，跳過

📺 頻道: Dr.HuangAmin (@Dr.HuangAmin)
  ❌ 無法獲取影片列表，跳過

📺 頻道: 周慕姿放心說 (@muerstalk)
  ❌ 無法獲取影片列表，跳過

📺 頻道: 松明讲心理 (@SongMing)
  ❌ 無法獲取影片列表，跳過

📺 頻道: 超真實商談 (@RealBizChat)
  ❌ 無法獲取影片列表，跳過

📺 頻道: Cofit211 (@Cofit211)
  ❌ 無法獲取影片列表，跳過

📺 頻道: 泛科學 (@PanScitw)
  ❌ 無法獲取影片列表，跳過

📺 頻道: 泛科學院 (@panscischool)
  ❌ 無法獲取影片列表，跳過

📺 頻道: top3pct (@top3pct)
  ❌ 無法獲取影片列表，跳過

🎉 完成 Sun May 10 01:00:21 CST 2026
成功: 0 | 錯誤: 0

📈 最終進度：
頻道,YouTube總數,已爬,進度%
胡乃文开播,0,78,0%
柏格醫生中文,0,127,0%
Dr.HuangAmin,0,73,0%
周慕姿放心說,0,123,0%
松明讲心理,0,11,0%
超真實商談,0,0,0%
Cofit211,0,228,0%
泛科學,0,26,0%
泛科學院,0,98,0%
top3pct,0,0,0%
bash: crawl_top3pct.sh: No such file or directory
--- kd_crawl Sun May 10 02:00:21 CST 2026
========================================
kd 知識庫爬蟲 v3 Sun May 10 02:00:21 CST 2026
錯誤自動繼續模式
========================================
📊 起始進度已記錄

📺 頻道: 胡乃文开播 (@Dr.Hu_talk)
  ❌ 無法獲取影片列表，跳過

📺 頻道: 柏格醫生中文 (@drbergchinese)
  ❌ 無法獲取影片列表，跳過

📺 頻道: Dr.HuangAmin (@Dr.HuangAmin)
  ❌ 無法獲取影片列表，跳過

📺 頻道: 周慕姿放心說 (@muerstalk)
  ❌ 無法獲取影片列表，跳過

📺 頻道: 松明讲心理 (@SongMing)
  ❌ 無法獲取影片列表，跳過

📺 頻道: 超真實商談 (@RealBizChat)
  ❌ 無法獲取影片列表，跳過

📺 頻道: Cofit211 (@Cofit211)
  ❌ 無法獲取影片列表，跳過

📺 頻道: 泛科學 (@PanScitw)
  ❌ 無法獲取影片列表，跳過

📺 頻道: 泛科學院 (@panscischool)
  ❌ 無法獲取影片列表，跳過

📺 頻道: top3pct (@top3pct)
  ❌ 無法獲取影片列表，跳過

🎉 完成 Sun May 10 02:00:22 CST 2026
成功: 0 | 錯誤: 0

📈 最終進度：
頻道,YouTube總數,已爬,進度%
胡乃文开播,0,78,0%
柏格醫生中文,0,127,0%
Dr.HuangAmin,0,73,0%
周慕姿放心說,0,123,0%
松明讲心理,0,11,0%
超真實商談,0,0,0%
Cofit211,0,228,0%
泛科學,0,26,0%
泛科學院,0,98,0%
top3pct,0,0,0%
bash: crawl_top3pct.sh: No such file or directory
--- kd_crawl Sun May 10 03:00:22 CST 2026
========================================
kd 知識庫爬蟲 v3 Sun May 10 03:00:22 CST 2026
錯誤自動繼續模式
========================================
📊 起始進度已記錄

📺 頻道: 胡乃文开播 (@Dr.Hu_talk)
  ❌ 無法獲取影片列表，跳過

📺 頻道: 柏格醫生中文 (@drbergchinese)
  ❌ 無法獲取影片列表，跳過

📺 頻道: Dr.HuangAmin (@Dr.HuangAmin)
  ❌ 無法獲取影片列表，跳過

📺 頻道: 周慕姿放心說 (@muerstalk)
  ❌ 無法獲取影片列表，跳過

📺 頻道: 松明讲心理 (@SongMing)
  ❌ 無法獲取影片列表，跳過

📺 頻道: 超真實商談 (@RealBizChat)
  ❌ 無法獲取影片列表，跳過

📺 頻道: Cofit211 (@Cofit211)
  ❌ 無法獲取影片列表，跳過

📺 頻道: 泛科學 (@PanScitw)
  ❌ 無法獲取影片列表，跳過

📺 頻道: 泛科學院 (@panscischool)
  ❌ 無法獲取影片列表，跳過

📺 頻道: top3pct (@top3pct)
  ❌ 無法獲取影片列表，跳過

🎉 完成 Sun May 10 03:00:23 CST 2026
成功: 0 | 錯誤: 0

📈 最終進度：
頻道,YouTube總數,已爬,進度%
胡乃文开播,0,78,0%
柏格醫生中文,0,127,0%
Dr.HuangAmin,0,73,0%
周慕姿放心說,0,123,0%
松明讲心理,0,11,0%
超真實商談,0,0,0%
Cofit211,0,228,0%
泛科學,0,26,0%
泛科學院,0,98,0%
top3pct,0,0,0%
bash: crawl_top3pct.sh: No such file or directory
--- kd_crawl Sun May 10 04:00:23 CST 2026
========================================
kd 知識庫爬蟲 v3 Sun May 10 04:00:23 CST 2026
錯誤自動繼續模式
========================================
📊 起始進度已記錄

📺 頻道: 胡乃文开播 (@Dr.Hu_talk)
  ❌ 無法獲取影片列表，跳過

📺 頻道: 柏格醫生中文 (@drbergchinese)
  ❌ 無法獲取影片列表，跳過

📺 頻道: Dr.HuangAmin (@Dr.HuangAmin)
  ❌ 無法獲取影片列表，跳過

📺 頻道: 周慕姿放心說 (@muerstalk)
  ❌ 無法獲取影片列表，跳過

📺 頻道: 松明讲心理 (@SongMing)
  ❌ 無法獲取影片列表，跳過

📺 頻道: 超真實商談 (@RealBizChat)
  ❌ 無法獲取影片列表，跳過

📺 頻道: Cofit211 (@Cofit211)
  ❌ 無法獲取影片列表，跳過

📺 頻道: 泛科學 (@PanScitw)
  ❌ 無法獲取影片列表，跳過

📺 頻道: 泛科學院 (@panscischool)
  ❌ 無法獲取影片列表，跳過

📺 頻道: top3pct (@top3pct)
  ❌ 無法獲取影片列表，跳過

🎉 完成 Sun May 10 04:00:24 CST 2026
成功: 0 | 錯誤: 0

📈 最終進度：
頻道,YouTube總數,已爬,進度%
胡乃文开播,0,79,0%
柏格醫生中文,0,127,0%
Dr.HuangAmin,0,73,0%
周慕姿放心說,0,123,0%
松明讲心理,0,11,0%
超真實商談,0,0,0%
Cofit211,0,228,0%
泛科學,0,26,0%
泛科學院,0,98,0%
top3pct,0,0,0%
bash: crawl_top3pct.sh: No such file or directory
--- kd_crawl Sun May 10 05:00:24 CST 2026
========================================
kd 知識庫爬蟲 v3 Sun May 10 05:00:24 CST 2026
錯誤自動繼續模式
========================================
📊 起始進度已記錄

📺 頻道: 胡乃文开播 (@Dr.Hu_talk)
  ❌ 無法獲取影片列表，跳過

📺 頻道: 柏格醫生中文 (@drbergchinese)
  ❌ 無法獲取影片列表，跳過

📺 頻道: Dr.HuangAmin (@Dr.HuangAmin)
  ❌ 無法獲取影片列表，跳過

📺 頻道: 周慕姿放心說 (@muerstalk)
  ❌ 無法獲取影片列表，跳過

📺 頻道: 松明讲心理 (@SongMing)
  ❌ 無法獲取影片列表，跳過

📺 頻道: 超真實商談 (@RealBizChat)
  ❌ 無法獲取影片列表，跳過

📺 頻道: Cofit211 (@Cofit211)
  ❌ 無法獲取影片列表，跳過

📺 頻道: 泛科學 (@PanScitw)
  ❌ 無法獲取影片列表，跳過

📺 頻道: 泛科學院 (@panscischool)
  ❌ 無法獲取影片列表，跳過

📺 頻道: top3pct (@top3pct)
  ❌ 無法獲取影片列表，跳過

🎉 完成 Sun May 10 05:00:25 CST 2026
成功: 0 | 錯誤: 0

📈 最終進度：
頻道,YouTube總數,已爬,進度%
胡乃文开播,0,79,0%
柏格醫生中文,0,127,0%
Dr.HuangAmin,0,73,0%
周慕姿放心說,0,123,0%
松明讲心理,0,11,0%
超真實商談,0,0,0%
Cofit211,0,228,0%
泛科學,0,26,0%
泛科學院,0,98,0%
top3pct,0,0,0%
[Sun May 10 06:00:00 CST 2026] 爬蟲 Daemon 已在運行 (PID 9307)
bash: crawl_top3pct.sh: No such file or directory
--- kd_crawl Sun May 10 06:00:25 CST 2026
========================================
kd 知識庫爬蟲 v3 Sun May 10 06:00:25 CST 2026
錯誤自動繼續模式
========================================
📊 起始進度已記錄

📺 頻道: 胡乃文开播 (@Dr.Hu_talk)
  ❌ 無法獲取影片列表，跳過

📺 頻道: 柏格醫生中文 (@drbergchinese)
  ❌ 無法獲取影片列表，跳過

📺 頻道: Dr.HuangAmin (@Dr.HuangAmin)
  ❌ 無法獲取影片列表，跳過

📺 頻道: 周慕姿放心說 (@muerstalk)
  ❌ 無法獲取影片列表，跳過

📺 頻道: 松明讲心理 (@SongMing)
  ❌ 無法獲取影片列表，跳過

📺 頻道: 超真實商談 (@RealBizChat)
  ❌ 無法獲取影片列表，跳過

📺 頻道: Cofit211 (@Cofit211)
  ❌ 無法獲取影片列表，跳過

📺 頻道: 泛科學 (@PanScitw)
  ❌ 無法獲取影片列表，跳過

📺 頻道: 泛科學院 (@panscischool)
  ❌ 無法獲取影片列表，跳過

📺 頻道: top3pct (@top3pct)
  ❌ 無法獲取影片列表，跳過

🎉 完成 Sun May 10 06:00:26 CST 2026
成功: 0 | 錯誤: 0

📈 最終進度：
頻道,YouTube總數,已爬,進度%
胡乃文开播,0,79,0%
柏格醫生中文,0,127,0%
Dr.HuangAmin,0,73,0%
周慕姿放心說,0,123,0%
松明讲心理,0,11,0%
超真實商談,0,0,0%
Cofit211,0,228,0%
泛科學,0,26,0%
泛科學院,0,98,0%
top3pct,0,0,0%
bash: crawl_top3pct.sh: No such file or directory
--- kd_crawl Sun May 10 07:00:26 CST 2026
========================================
kd 知識庫爬蟲 v3 Sun May 10 07:00:26 CST 2026
錯誤自動繼續模式
========================================
📊 起始進度已記錄

📺 頻道: 胡乃文开播 (@Dr.Hu_talk)
  ❌ 無法獲取影片列表，跳過

📺 頻道: 柏格醫生中文 (@drbergchinese)
  ❌ 無法獲取影片列表，跳過

📺 頻道: Dr.HuangAmin (@Dr.HuangAmin)
  ❌ 無法獲取影片列表，跳過

📺 頻道: 周慕姿放心說 (@muerstalk)
  ❌ 無法獲取影片列表，跳過

📺 頻道: 松明讲心理 (@SongMing)
  ❌ 無法獲取影片列表，跳過

📺 頻道: 超真實商談 (@RealBizChat)
  ❌ 無法獲取影片列表，跳過

📺 頻道: Cofit211 (@Cofit211)
  ❌ 無法獲取影片列表，跳過

📺 頻道: 泛科學 (@PanScitw)
  ❌ 無法獲取影片列表，跳過

📺 頻道: 泛科學院 (@panscischool)
  ❌ 無法獲取影片列表，跳過

📺 頻道: top3pct (@top3pct)
  ❌ 無法獲取影片列表，跳過

🎉 完成 Sun May 10 07:00:27 CST 2026
成功: 0 | 錯誤: 0

📈 最終進度：
頻道,YouTube總數,已爬,進度%
胡乃文开播,0,79,0%
柏格醫生中文,0,127,0%
Dr.HuangAmin,0,73,0%
周慕姿放心說,0,123,0%
松明讲心理,0,11,0%
超真實商談,0,0,0%
Cofit211,0,228,0%
泛科學,0,26,0%
泛科學院,0,98,0%
top3pct,0,0,0%
bash: crawl_top3pct.sh: No such file or directory
--- kd_crawl Sun May 10 08:00:27 CST 2026
========================================
kd 知識庫爬蟲 v3 Sun May 10 08:00:27 CST 2026
錯誤自動繼續模式
========================================
📊 起始進度已記錄

📺 頻道: 胡乃文开播 (@Dr.Hu_talk)
  ❌ 無法獲取影片列表，跳過

📺 頻道: 柏格醫生中文 (@drbergchinese)
  ❌ 無法獲取影片列表，跳過

📺 頻道: Dr.HuangAmin (@Dr.HuangAmin)
  ❌ 無法獲取影片列表，跳過

📺 頻道: 周慕姿放心說 (@muerstalk)
  ❌ 無法獲取影片列表，跳過

📺 頻道: 松明讲心理 (@SongMing)
  ❌ 無法獲取影片列表，跳過

📺 頻道: 超真實商談 (@RealBizChat)
  ❌ 無法獲取影片列表，跳過

📺 頻道: Cofit211 (@Cofit211)
  ❌ 無法獲取影片列表，跳過

📺 頻道: 泛科學 (@PanScitw)
  ❌ 無法獲取影片列表，跳過

📺 頻道: 泛科學院 (@panscischool)
  ❌ 無法獲取影片列表，跳過

📺 頻道: top3pct (@top3pct)
  ❌ 無法獲取影片列表，跳過

🎉 完成 Sun May 10 08:00:28 CST 2026
成功: 0 | 錯誤: 0

📈 最終進度：
頻道,YouTube總數,已爬,進度%
胡乃文开播,0,79,0%
柏格醫生中文,0,127,0%
Dr.HuangAmin,0,73,0%
周慕姿放心說,0,123,0%
松明讲心理,0,11,0%
超真實商談,0,0,0%
Cofit211,0,228,0%
泛科學,0,26,0%
泛科學院,0,98,0%
top3pct,0,0,0%
bash: crawl_top3pct.sh: No such file or directory
--- kd_crawl Sun May 10 09:00:28 CST 2026
========================================
kd 知識庫爬蟲 v3 Sun May 10 09:00:28 CST 2026
錯誤自動繼續模式
========================================
📊 起始進度已記錄

📺 頻道: 胡乃文开播 (@Dr.Hu_talk)
  ❌ 無法獲取影片列表，跳過

📺 頻道: 柏格醫生中文 (@drbergchinese)
  ❌ 無法獲取影片列表，跳過

📺 頻道: Dr.HuangAmin (@Dr.HuangAmin)
  ❌ 無法獲取影片列表，跳過

📺 頻道: 周慕姿放心說 (@muerstalk)
  ❌ 無法獲取影片列表，跳過

📺 頻道: 松明讲心理 (@SongMing)
  ❌ 無法獲取影片列表，跳過

📺 頻道: 超真實商談 (@RealBizChat)
  ❌ 無法獲取影片列表，跳過

📺 頻道: Cofit211 (@Cofit211)
  ❌ 無法獲取影片列表，跳過

📺 頻道: 泛科學 (@PanScitw)
  ❌ 無法獲取影片列表，跳過

📺 頻道: 泛科學院 (@panscischool)
  ❌ 無法獲取影片列表，跳過

📺 頻道: top3pct (@top3pct)
  ❌ 無法獲取影片列表，跳過

🎉 完成 Sun May 10 09:00:29 CST 2026
成功: 0 | 錯誤: 0

📈 最終進度：
頻道,YouTube總數,已爬,進度%
胡乃文开播,0,79,0%
柏格醫生中文,0,127,0%
Dr.HuangAmin,0,73,0%
周慕姿放心說,0,123,0%
松明讲心理,0,11,0%
超真實商談,0,0,0%
Cofit211,0,228,0%
泛科學,0,26,0%
泛科學院,0,98,0%
top3pct,0,0,0%
bash: crawl_top3pct.sh: No such file or directory
--- kd_crawl Sun May 10 10:00:29 CST 2026
========================================
kd 知識庫爬蟲 v3 Sun May 10 10:00:29 CST 2026
錯誤自動繼續模式
========================================
📊 起始進度已記錄

📺 頻道: 胡乃文开播 (@Dr.Hu_talk)
  ❌ 無法獲取影片列表，跳過

📺 頻道: 柏格醫生中文 (@drbergchinese)
  ❌ 無法獲取影片列表，跳過

📺 頻道: Dr.HuangAmin (@Dr.HuangAmin)
  ❌ 無法獲取影片列表，跳過

📺 頻道: 周慕姿放心說 (@muerstalk)
  ❌ 無法獲取影片列表，跳過

📺 頻道: 松明讲心理 (@SongMing)
  ❌ 無法獲取影片列表，跳過

📺 頻道: 超真實商談 (@RealBizChat)
  ❌ 無法獲取影片列表，跳過

📺 頻道: Cofit211 (@Cofit211)
  ❌ 無法獲取影片列表，跳過

📺 頻道: 泛科學 (@PanScitw)
  ❌ 無法獲取影片列表，跳過

📺 頻道: 泛科學院 (@panscischool)
  ❌ 無法獲取影片列表，跳過

📺 頻道: top3pct (@top3pct)
  ❌ 無法獲取影片列表，跳過

🎉 完成 Sun May 10 10:00:30 CST 2026
成功: 0 | 錯誤: 0

📈 最終進度：
頻道,YouTube總數,已爬,進度%
胡乃文开播,0,79,0%
柏格醫生中文,0,127,0%
Dr.HuangAmin,0,73,0%
周慕姿放心說,0,123,0%
松明讲心理,0,11,0%
超真實商談,0,0,0%
Cofit211,0,228,0%
泛科學,0,26,0%
泛科學院,0,98,0%
top3pct,0,0,0%
bash: crawl_top3pct.sh: No such file or directory
--- kd_crawl Sun May 10 11:00:31 CST 2026
========================================
kd 知識庫爬蟲 v3 Sun May 10 11:00:31 CST 2026
錯誤自動繼續模式
========================================
📊 起始進度已記錄

📺 頻道: 胡乃文开播 (@Dr.Hu_talk)
  ❌ 無法獲取影片列表，跳過

📺 頻道: 柏格醫生中文 (@drbergchinese)
  ❌ 無法獲取影片列表，跳過

📺 頻道: Dr.HuangAmin (@Dr.HuangAmin)
  ❌ 無法獲取影片列表，跳過

📺 頻道: 周慕姿放心說 (@muerstalk)
  ❌ 無法獲取影片列表，跳過

📺 頻道: 松明讲心理 (@SongMing)
  ❌ 無法獲取影片列表，跳過

📺 頻道: 超真實商談 (@RealBizChat)
  ❌ 無法獲取影片列表，跳過

📺 頻道: Cofit211 (@Cofit211)
  ❌ 無法獲取影片列表，跳過

📺 頻道: 泛科學 (@PanScitw)
  ❌ 無法獲取影片列表，跳過

📺 頻道: 泛科學院 (@panscischool)
  ❌ 無法獲取影片列表，跳過

📺 頻道: top3pct (@top3pct)
  ❌ 無法獲取影片列表，跳過

🎉 完成 Sun May 10 11:00:31 CST 2026
成功: 0 | 錯誤: 0

📈 最終進度：
頻道,YouTube總數,已爬,進度%
胡乃文开播,0,79,0%
柏格醫生中文,0,127,0%
Dr.HuangAmin,0,73,0%
周慕姿放心說,0,123,0%
松明讲心理,0,11,0%
超真實商談,0,0,0%
Cofit211,0,228,0%
泛科學,0,26,0%
泛科學院,0,98,0%
top3pct,0,0,0%
bash: crawl_top3pct.sh: No such file or directory
--- kd_crawl Sun May 10 12:00:32 CST 2026
========================================
kd 知識庫爬蟲 v3 Sun May 10 12:00:32 CST 2026
錯誤自動繼續模式
========================================
📊 起始進度已記錄

📺 頻道: 胡乃文开播 (@Dr.Hu_talk)
  ❌ 無法獲取影片列表，跳過

📺 頻道: 柏格醫生中文 (@drbergchinese)
  ❌ 無法獲取影片列表，跳過

📺 頻道: Dr.HuangAmin (@Dr.HuangAmin)
  ❌ 無法獲取影片列表，跳過

📺 頻道: 周慕姿放心說 (@muerstalk)
  ❌ 無法獲取影片列表，跳過

📺 頻道: 松明讲心理 (@SongMing)
  ❌ 無法獲取影片列表，跳過

📺 頻道: 超真實商談 (@RealBizChat)
  ❌ 無法獲取影片列表，跳過

📺 頻道: Cofit211 (@Cofit211)
  ❌ 無法獲取影片列表，跳過

📺 頻道: 泛科學 (@PanScitw)
  ❌ 無法獲取影片列表，跳過

📺 頻道: 泛科學院 (@panscischool)
  ❌ 無法獲取影片列表，跳過

📺 頻道: top3pct (@top3pct)
  ❌ 無法獲取影片列表，跳過

🎉 完成 Sun May 10 12:00:32 CST 2026
成功: 0 | 錯誤: 0

📈 最終進度：
頻道,YouTube總數,已爬,進度%
胡乃文开播,0,79,0%
柏格醫生中文,0,127,0%
Dr.HuangAmin,0,73,0%
周慕姿放心說,0,123,0%
松明讲心理,0,11,0%
超真實商談,0,0,0%
Cofit211,0,228,0%
泛科學,0,26,0%
泛科學院,0,98,0%
top3pct,0,0,0%
bash: crawl_top3pct.sh: No such file or directory
--- kd_crawl Sun May 10 13:00:33 CST 2026
========================================
kd 知識庫爬蟲 v3 Sun May 10 13:00:33 CST 2026
錯誤自動繼續模式
========================================
📊 起始進度已記錄

📺 頻道: 胡乃文开播 (@Dr.Hu_talk)
  ❌ 無法獲取影片列表，跳過

📺 頻道: 柏格醫生中文 (@drbergchinese)
  ❌ 無法獲取影片列表，跳過

📺 頻道: Dr.HuangAmin (@Dr.HuangAmin)
  ❌ 無法獲取影片列表，跳過

📺 頻道: 周慕姿放心說 (@muerstalk)
  ❌ 無法獲取影片列表，跳過

📺 頻道: 松明讲心理 (@SongMing)
  ❌ 無法獲取影片列表，跳過

📺 頻道: 超真實商談 (@RealBizChat)
  ❌ 無法獲取影片列表，跳過

📺 頻道: Cofit211 (@Cofit211)
  ❌ 無法獲取影片列表，跳過

📺 頻道: 泛科學 (@PanScitw)
  ❌ 無法獲取影片列表，跳過

📺 頻道: 泛科學院 (@panscischool)
  ❌ 無法獲取影片列表，跳過

📺 頻道: top3pct (@top3pct)
  ❌ 無法獲取影片列表，跳過

🎉 完成 Sun May 10 13:00:34 CST 2026
成功: 0 | 錯誤: 0

📈 最終進度：
頻道,YouTube總數,已爬,進度%
胡乃文开播,0,79,0%
柏格醫生中文,0,127,0%
Dr.HuangAmin,0,73,0%
周慕姿放心說,0,123,0%
松明讲心理,0,11,0%
超真實商談,0,0,0%
Cofit211,0,228,0%
泛科學,0,26,0%
泛科學院,0,98,0%
top3pct,0,0,0%
bash: crawl_top3pct.sh: No such file or directory
--- kd_crawl Sun May 10 14:00:34 CST 2026
========================================
kd 知識庫爬蟲 v3 Sun May 10 14:00:34 CST 2026
錯誤自動繼續模式
========================================
📊 起始進度已記錄

📺 頻道: 胡乃文开播 (@Dr.Hu_talk)
  ❌ 無法獲取影片列表，跳過

📺 頻道: 柏格醫生中文 (@drbergchinese)
  ❌ 無法獲取影片列表，跳過

📺 頻道: Dr.HuangAmin (@Dr.HuangAmin)
  ❌ 無法獲取影片列表，跳過

📺 頻道: 周慕姿放心說 (@muerstalk)
  ❌ 無法獲取影片列表，跳過

📺 頻道: 松明讲心理 (@SongMing)
  ❌ 無法獲取影片列表，跳過

📺 頻道: 超真實商談 (@RealBizChat)
  ❌ 無法獲取影片列表，跳過

📺 頻道: Cofit211 (@Cofit211)
  ❌ 無法獲取影片列表，跳過

📺 頻道: 泛科學 (@PanScitw)
  ❌ 無法獲取影片列表，跳過

📺 頻道: 泛科學院 (@panscischool)
  ❌ 無法獲取影片列表，跳過

📺 頻道: top3pct (@top3pct)
  ❌ 無法獲取影片列表，跳過

🎉 完成 Sun May 10 14:00:35 CST 2026
成功: 0 | 錯誤: 0

📈 最終進度：
頻道,YouTube總數,已爬,進度%
胡乃文开播,0,79,0%
柏格醫生中文,0,127,0%
Dr.HuangAmin,0,73,0%
周慕姿放心說,0,123,0%
松明讲心理,0,11,0%
超真實商談,0,0,0%
Cofit211,0,228,0%
泛科學,0,26,0%
泛科學院,0,98,0%
top3pct,0,0,0%
bash: crawl_top3pct.sh: No such file or directory
--- kd_crawl Sun May 10 15:00:35 CST 2026
========================================
kd 知識庫爬蟲 v3 Sun May 10 15:00:35 CST 2026
錯誤自動繼續模式
========================================
📊 起始進度已記錄

📺 頻道: 胡乃文开播 (@Dr.Hu_talk)
  ❌ 無法獲取影片列表，跳過

📺 頻道: 柏格醫生中文 (@drbergchinese)
  ❌ 無法獲取影片列表，跳過

📺 頻道: Dr.HuangAmin (@Dr.HuangAmin)
  ❌ 無法獲取影片列表，跳過

📺 頻道: 周慕姿放心說 (@muerstalk)
  ❌ 無法獲取影片列表，跳過

📺 頻道: 松明讲心理 (@SongMing)
  ❌ 無法獲取影片列表，跳過

📺 頻道: 超真實商談 (@RealBizChat)
  ❌ 無法獲取影片列表，跳過

📺 頻道: Cofit211 (@Cofit211)
  ❌ 無法獲取影片列表，跳過

📺 頻道: 泛科學 (@PanScitw)
  ❌ 無法獲取影片列表，跳過

📺 頻道: 泛科學院 (@panscischool)
  ❌ 無法獲取影片列表，跳過

📺 頻道: top3pct (@top3pct)
  ❌ 無法獲取影片列表，跳過

🎉 完成 Sun May 10 15:00:36 CST 2026
成功: 0 | 錯誤: 0

📈 最終進度：
頻道,YouTube總數,已爬,進度%
胡乃文开播,0,79,0%
柏格醫生中文,0,127,0%
Dr.HuangAmin,0,73,0%
周慕姿放心說,0,123,0%
松明讲心理,0,11,0%
超真實商談,0,0,0%
Cofit211,0,228,0%
泛科學,0,26,0%
泛科學院,0,98,0%
top3pct,0,0,0%
bash: crawl_top3pct.sh: No such file or directory
--- kd_crawl Sun May 10 16:00:36 CST 2026
========================================
kd 知識庫爬蟲 v3 Sun May 10 16:00:36 CST 2026
錯誤自動繼續模式
========================================
📊 起始進度已記錄

📺 頻道: 胡乃文开播 (@Dr.Hu_talk)
  ❌ 無法獲取影片列表，跳過

📺 頻道: 柏格醫生中文 (@drbergchinese)
  ❌ 無法獲取影片列表，跳過

📺 頻道: Dr.HuangAmin (@Dr.HuangAmin)
  ❌ 無法獲取影片列表，跳過

📺 頻道: 周慕姿放心說 (@muerstalk)
  ❌ 無法獲取影片列表，跳過

📺 頻道: 松明讲心理 (@SongMing)
  ❌ 無法獲取影片列表，跳過

📺 頻道: 超真實商談 (@RealBizChat)
  ❌ 無法獲取影片列表，跳過

📺 頻道: Cofit211 (@Cofit211)
  ❌ 無法獲取影片列表，跳過

📺 頻道: 泛科學 (@PanScitw)
  ❌ 無法獲取影片列表，跳過

📺 頻道: 泛科學院 (@panscischool)
  ❌ 無法獲取影片列表，跳過

📺 頻道: top3pct (@top3pct)
  ❌ 無法獲取影片列表，跳過

🎉 完成 Sun May 10 16:00:37 CST 2026
成功: 0 | 錯誤: 0

📈 最終進度：
頻道,YouTube總數,已爬,進度%
胡乃文开播,0,79,0%
柏格醫生中文,0,127,0%
Dr.HuangAmin,0,73,0%
周慕姿放心說,0,123,0%
松明讲心理,0,11,0%
超真實商談,0,0,0%
Cofit211,0,228,0%
泛科學,0,26,0%
泛科學院,0,98,0%
top3pct,0,0,0%
bash: crawl_top3pct.sh: No such file or directory
--- kd_crawl Sun May 10 17:00:37 CST 2026
========================================
kd 知識庫爬蟲 v3 Sun May 10 17:00:37 CST 2026
錯誤自動繼續模式
========================================
📊 起始進度已記錄

📺 頻道: 胡乃文开播 (@Dr.Hu_talk)
  ❌ 無法獲取影片列表，跳過

📺 頻道: 柏格醫生中文 (@drbergchinese)
  ❌ 無法獲取影片列表，跳過

📺 頻道: Dr.HuangAmin (@Dr.HuangAmin)
  ❌ 無法獲取影片列表，跳過

📺 頻道: 周慕姿放心說 (@muerstalk)
  ❌ 無法獲取影片列表，跳過

📺 頻道: 松明讲心理 (@SongMing)
  ❌ 無法獲取影片列表，跳過

📺 頻道: 超真實商談 (@RealBizChat)
  ❌ 無法獲取影片列表，跳過

📺 頻道: Cofit211 (@Cofit211)
  ❌ 無法獲取影片列表，跳過

📺 頻道: 泛科學 (@PanScitw)
  ❌ 無法獲取影片列表，跳過

📺 頻道: 泛科學院 (@panscischool)
  ❌ 無法獲取影片列表，跳過

📺 頻道: top3pct (@top3pct)
  ❌ 無法獲取影片列表，跳過

🎉 完成 Sun May 10 17:00:38 CST 2026
成功: 0 | 錯誤: 0

📈 最終進度：
頻道,YouTube總數,已爬,進度%
胡乃文开播,0,79,0%
柏格醫生中文,0,127,0%
Dr.HuangAmin,0,73,0%
周慕姿放心說,0,123,0%
松明讲心理,0,11,0%
超真實商談,0,0,0%
Cofit211,0,228,0%
泛科學,0,26,0%
泛科學院,0,98,0%
top3pct,0,0,0%
bash: crawl_top3pct.sh: No such file or directory
--- kd_crawl Sun May 10 18:00:38 CST 2026
========================================
kd 知識庫爬蟲 v3 Sun May 10 18:00:38 CST 2026
錯誤自動繼續模式
========================================
📊 起始進度已記錄

📺 頻道: 胡乃文开播 (@Dr.Hu_talk)
  ❌ 無法獲取影片列表，跳過

📺 頻道: 柏格醫生中文 (@drbergchinese)
  ❌ 無法獲取影片列表，跳過

📺 頻道: Dr.HuangAmin (@Dr.HuangAmin)
  ❌ 無法獲取影片列表，跳過

📺 頻道: 周慕姿放心說 (@muerstalk)
  ❌ 無法獲取影片列表，跳過

📺 頻道: 松明讲心理 (@SongMing)
  ❌ 無法獲取影片列表，跳過

📺 頻道: 超真實商談 (@RealBizChat)
  ❌ 無法獲取影片列表，跳過

📺 頻道: Cofit211 (@Cofit211)
  ❌ 無法獲取影片列表，跳過

📺 頻道: 泛科學 (@PanScitw)
  ❌ 無法獲取影片列表，跳過

📺 頻道: 泛科學院 (@panscischool)
  ❌ 無法獲取影片列表，跳過

📺 頻道: top3pct (@top3pct)
  ❌ 無法獲取影片列表，跳過

🎉 完成 Sun May 10 18:00:39 CST 2026
成功: 0 | 錯誤: 0

📈 最終進度：
頻道,YouTube總數,已爬,進度%
胡乃文开播,0,79,0%
柏格醫生中文,0,127,0%
Dr.HuangAmin,0,73,0%
周慕姿放心說,0,123,0%
松明讲心理,0,11,0%
超真實商談,0,0,0%
Cofit211,0,228,0%
泛科學,0,26,0%
泛科學院,0,98,0%
top3pct,0,0,0%
bash: crawl_top3pct.sh: No such file or directory
--- kd_crawl Sun May 10 19:00:39 CST 2026
========================================
kd 知識庫爬蟲 v3 Sun May 10 19:00:39 CST 2026
錯誤自動繼續模式
========================================
📊 起始進度已記錄

📺 頻道: 胡乃文开播 (@Dr.Hu_talk)
  ❌ 無法獲取影片列表，跳過

📺 頻道: 柏格醫生中文 (@drbergchinese)
  ❌ 無法獲取影片列表，跳過

📺 頻道: Dr.HuangAmin (@Dr.HuangAmin)
  ❌ 無法獲取影片列表，跳過

📺 頻道: 周慕姿放心說 (@muerstalk)
  ❌ 無法獲取影片列表，跳過

📺 頻道: 松明讲心理 (@SongMing)
  ❌ 無法獲取影片列表，跳過

📺 頻道: 超真實商談 (@RealBizChat)
  ❌ 無法獲取影片列表，跳過

📺 頻道: Cofit211 (@Cofit211)
  ❌ 無法獲取影片列表，跳過

📺 頻道: 泛科學 (@PanScitw)
  ❌ 無法獲取影片列表，跳過

📺 頻道: 泛科學院 (@panscischool)
  ❌ 無法獲取影片列表，跳過

📺 頻道: top3pct (@top3pct)
  ❌ 無法獲取影片列表，跳過

🎉 完成 Sun May 10 19:00:40 CST 2026
成功: 0 | 錯誤: 0

📈 最終進度：
頻道,YouTube總數,已爬,進度%
胡乃文开播,0,79,0%
柏格醫生中文,0,127,0%
Dr.HuangAmin,0,73,0%
周慕姿放心說,0,123,0%
松明讲心理,0,11,0%
超真實商談,0,0,0%
Cofit211,0,228,0%
泛科學,0,26,0%
泛科學院,0,98,0%
top3pct,0,0,0%
bash: crawl_top3pct.sh: No such file or directory
--- kd_crawl Sun May 10 20:00:40 CST 2026
========================================
kd 知識庫爬蟲 v3 Sun May 10 20:00:40 CST 2026
錯誤自動繼續模式
========================================
📊 起始進度已記錄

📺 頻道: 胡乃文开播 (@Dr.Hu_talk)
  ❌ 無法獲取影片列表，跳過

📺 頻道: 柏格醫生中文 (@drbergchinese)
  ❌ 無法獲取影片列表，跳過

📺 頻道: Dr.HuangAmin (@Dr.HuangAmin)
  ❌ 無法獲取影片列表，跳過

📺 頻道: 周慕姿放心說 (@muerstalk)
  ❌ 無法獲取影片列表，跳過

📺 頻道: 松明讲心理 (@SongMing)
  ❌ 無法獲取影片列表，跳過

📺 頻道: 超真實商談 (@RealBizChat)
  ❌ 無法獲取影片列表，跳過

📺 頻道: Cofit211 (@Cofit211)
  ❌ 無法獲取影片列表，跳過

📺 頻道: 泛科學 (@PanScitw)
  ❌ 無法獲取影片列表，跳過

📺 頻道: 泛科學院 (@panscischool)
  ❌ 無法獲取影片列表，跳過

📺 頻道: top3pct (@top3pct)
  ❌ 無法獲取影片列表，跳過

🎉 完成 Sun May 10 20:00:41 CST 2026
成功: 0 | 錯誤: 0

📈 最終進度：
頻道,YouTube總數,已爬,進度%
胡乃文开播,0,79,0%
柏格醫生中文,0,127,0%
Dr.HuangAmin,0,73,0%
周慕姿放心說,0,123,0%
松明讲心理,0,11,0%
超真實商談,0,0,0%
Cofit211,0,228,0%
泛科學,0,26,0%
泛科學院,0,98,0%
top3pct,0,0,0%
