錯誤自動繼續模式
========================================
📊 起始進度已記錄

📺 頻道: 胡乃文开播 (@Dr.Hu_talk)
  ❌ 無法獲取影片列表，跳過

📺 頻道: 柏格醫生中文 (@drbergchinese)
  ❌ 無法獲取影片列表，跳過

📺 頻道: Dr.HuangAmin (@Dr.HuangAmin)
  ❌ 無法獲取影片列表，跳過

📺 頻道: 周慕姿放心說 (@muerstalk)
  ❌ 無法獲取影片列表，跳過

📺 頻道: 松明讲心理 (@SongMing)
  ❌ 無法獲取影片列表，跳過

📺 頻道: 超真實商談 (@RealBizChat)
  ❌ 無法獲取影片列表，跳過

📺 頻道: Cofit211 (@Cofit211)
  ❌ 無法獲取影片列表，跳過

📺 頻道: 泛科學 (@PanScitw)
  ❌ 無法獲取影片列表，跳過

📺 頻道: 泛科學院 (@panscischool)
  ❌ 無法獲取影片列表，跳過

📺 頻道: top3pct (@top3pct)
  ❌ 無法獲取影片列表，跳過

🎉 完成 Sat May  9 17:00:12 CST 2026
成功: 0 | 錯誤: 0

📈 最終進度：
頻道,YouTube總數,已爬,進度%
胡乃文开播,0,78,0%
柏格醫生中文,0,127,0%
Dr.HuangAmin,0,73,0%
周慕姿放心說,0,123,0%
松明讲心理,0,11,0%
超真實商談,0,0,0%
Cofit211,0,228,0%
泛科學,0,26,0%
泛科學院,0,98,0%
top3pct,0,0,0%
錯誤自動繼續模式
========================================
📊 起始進度已記錄

📺 頻道: 胡乃文开播 (@Dr.Hu_talk)
  ❌ 無法獲取影片列表，跳過

📺 頻道: 柏格醫生中文 (@drbergchinese)
  ❌ 無法獲取影片列表，跳過

📺 頻道: Dr.HuangAmin (@Dr.HuangAmin)
  ❌ 無法獲取影片列表，跳過

📺 頻道: 周慕姿放心說 (@muerstalk)
  ❌ 無法獲取影片列表，跳過

📺 頻道: 松明讲心理 (@SongMing)
  ❌ 無法獲取影片列表，跳過

📺 頻道: 超真實商談 (@RealBizChat)
  ❌ 無法獲取影片列表，跳過

📺 頻道: Cofit211 (@Cofit211)
  ❌ 無法獲取影片列表，跳過

📺 頻道: 泛科學 (@PanScitw)
  ❌ 無法獲取影片列表，跳過

📺 頻道: 泛科學院 (@panscischool)
  ❌ 無法獲取影片列表，跳過

📺 頻道: top3pct (@top3pct)
  ❌ 無法獲取影片列表，跳過

🎉 完成 Sat May  9 18:00:13 CST 2026
成功: 0 | 錯誤: 0

📈 最終進度：
頻道,YouTube總數,已爬,進度%
胡乃文开播,0,78,0%
柏格醫生中文,0,127,0%
Dr.HuangAmin,0,73,0%
周慕姿放心說,0,123,0%
松明讲心理,0,11,0%
超真實商談,0,0,0%
Cofit211,0,228,0%
泛科學,0,26,0%
泛科學院,0,98,0%
top3pct,0,0,0%
錯誤自動繼續模式
========================================
📊 起始進度已記錄

📺 頻道: 胡乃文开播 (@Dr.Hu_talk)
  ❌ 無法獲取影片列表，跳過

📺 頻道: 柏格醫生中文 (@drbergchinese)
  ❌ 無法獲取影片列表，跳過

📺 頻道: Dr.HuangAmin (@Dr.HuangAmin)
  ❌ 無法獲取影片列表，跳過

📺 頻道: 周慕姿放心說 (@muerstalk)
  ❌ 無法獲取影片列表，跳過

📺 頻道: 松明讲心理 (@SongMing)
  ❌ 無法獲取影片列表，跳過

📺 頻道: 超真實商談 (@RealBizChat)
  ❌ 無法獲取影片列表，跳過

📺 頻道: Cofit211 (@Cofit211)
  ❌ 無法獲取影片列表，跳過

📺 頻道: 泛科學 (@PanScitw)
  ❌ 無法獲取影片列表，跳過

📺 頻道: 泛科學院 (@panscischool)
  ❌ 無法獲取影片列表，跳過

📺 頻道: top3pct (@top3pct)
  ❌ 無法獲取影片列表，跳過

🎉 完成 Sat May  9 19:00:14 CST 2026
成功: 0 | 錯誤: 0

📈 最終進度：
頻道,YouTube總數,已爬,進度%
胡乃文开播,0,78,0%
柏格醫生中文,0,127,0%
Dr.HuangAmin,0,73,0%
周慕姿放心說,0,123,0%
松明讲心理,0,11,0%
超真實商談,0,0,0%
Cofit211,0,228,0%
泛科學,0,26,0%
泛科學院,0,98,0%
top3pct,0,0,0%
錯誤自動繼續模式
========================================
📊 起始進度已記錄

📺 頻道: 胡乃文开播 (@Dr.Hu_talk)
  ❌ 無法獲取影片列表，跳過

📺 頻道: 柏格醫生中文 (@drbergchinese)
  ❌ 無法獲取影片列表，跳過

📺 頻道: Dr.HuangAmin (@Dr.HuangAmin)
  ❌ 無法獲取影片列表，跳過

📺 頻道: 周慕姿放心說 (@muerstalk)
  ❌ 無法獲取影片列表，跳過

📺 頻道: 松明讲心理 (@SongMing)
  ❌ 無法獲取影片列表，跳過

📺 頻道: 超真實商談 (@RealBizChat)
  ❌ 無法獲取影片列表，跳過

📺 頻道: Cofit211 (@Cofit211)
  ❌ 無法獲取影片列表，跳過

📺 頻道: 泛科學 (@PanScitw)
  ❌ 無法獲取影片列表，跳過

📺 頻道: 泛科學院 (@panscischool)
  ❌ 無法獲取影片列表，跳過

📺 頻道: top3pct (@top3pct)
  ❌ 無法獲取影片列表，跳過

🎉 完成 Sat May  9 20:00:15 CST 2026
成功: 0 | 錯誤: 0

📈 最終進度：
頻道,YouTube總數,已爬,進度%
胡乃文开播,0,78,0%
柏格醫生中文,0,127,0%
Dr.HuangAmin,0,73,0%
周慕姿放心說,0,123,0%
松明讲心理,0,11,0%
超真實商談,0,0,0%
Cofit211,0,228,0%
泛科學,0,26,0%
泛科學院,0,98,0%
top3pct,0,0,0%
錯誤自動繼續模式
========================================
📊 起始進度已記錄

📺 頻道: 胡乃文开播 (@Dr.Hu_talk)
  ❌ 無法獲取影片列表，跳過

📺 頻道: 柏格醫生中文 (@drbergchinese)
  ❌ 無法獲取影片列表，跳過

📺 頻道: Dr.HuangAmin (@Dr.HuangAmin)
  ❌ 無法獲取影片列表，跳過

📺 頻道: 周慕姿放心說 (@muerstalk)
  ❌ 無法獲取影片列表，跳過

📺 頻道: 松明讲心理 (@SongMing)
  ❌ 無法獲取影片列表，跳過

📺 頻道: 超真實商談 (@RealBizChat)
  ❌ 無法獲取影片列表，跳過

📺 頻道: Cofit211 (@Cofit211)
  ❌ 無法獲取影片列表，跳過

📺 頻道: 泛科學 (@PanScitw)
  ❌ 無法獲取影片列表，跳過

📺 頻道: 泛科學院 (@panscischool)
  ❌ 無法獲取影片列表，跳過

📺 頻道: top3pct (@top3pct)
  ❌ 無法獲取影片列表，跳過

🎉 完成 Sat May  9 21:00:16 CST 2026
成功: 0 | 錯誤: 0

📈 最終進度：
頻道,YouTube總數,已爬,進度%
胡乃文开播,0,78,0%
柏格醫生中文,0,127,0%
Dr.HuangAmin,0,73,0%
周慕姿放心說,0,123,0%
松明讲心理,0,11,0%
超真實商談,0,0,0%
Cofit211,0,228,0%
泛科學,0,26,0%
泛科學院,0,98,0%
top3pct,0,0,0%
錯誤自動繼續模式
========================================
📊 起始進度已記錄

📺 頻道: 胡乃文开播 (@Dr.Hu_talk)
  ❌ 無法獲取影片列表，跳過

📺 頻道: 柏格醫生中文 (@drbergchinese)
  ❌ 無法獲取影片列表，跳過

📺 頻道: Dr.HuangAmin (@Dr.HuangAmin)
  ❌ 無法獲取影片列表，跳過

📺 頻道: 周慕姿放心說 (@muerstalk)
  ❌ 無法獲取影片列表，跳過

📺 頻道: 松明讲心理 (@SongMing)
  ❌ 無法獲取影片列表，跳過

📺 頻道: 超真實商談 (@RealBizChat)
  ❌ 無法獲取影片列表，跳過

📺 頻道: Cofit211 (@Cofit211)
  ❌ 無法獲取影片列表，跳過

📺 頻道: 泛科學 (@PanScitw)
  ❌ 無法獲取影片列表，跳過

📺 頻道: 泛科學院 (@panscischool)
  ❌ 無法獲取影片列表，跳過

📺 頻道: top3pct (@top3pct)
  ❌ 無法獲取影片列表，跳過

🎉 完成 Sat May  9 22:00:18 CST 2026
成功: 0 | 錯誤: 0

📈 最終進度：
頻道,YouTube總數,已爬,進度%
胡乃文开播,0,78,0%
柏格醫生中文,0,127,0%
Dr.HuangAmin,0,73,0%
周慕姿放心說,0,123,0%
松明讲心理,0,11,0%
超真實商談,0,0,0%
Cofit211,0,228,0%
泛科學,0,26,0%
泛科學院,0,98,0%
top3pct,0,0,0%
錯誤自動繼續模式
========================================
📊 起始進度已記錄

📺 頻道: 胡乃文开播 (@Dr.Hu_talk)
  ❌ 無法獲取影片列表，跳過

📺 頻道: 柏格醫生中文 (@drbergchinese)
  ❌ 無法獲取影片列表，跳過

📺 頻道: Dr.HuangAmin (@Dr.HuangAmin)
  ❌ 無法獲取影片列表，跳過

📺 頻道: 周慕姿放心說 (@muerstalk)
  ❌ 無法獲取影片列表，跳過

📺 頻道: 松明讲心理 (@SongMing)
  ❌ 無法獲取影片列表，跳過

📺 頻道: 超真實商談 (@RealBizChat)
  ❌ 無法獲取影片列表，跳過

📺 頻道: Cofit211 (@Cofit211)
  ❌ 無法獲取影片列表，跳過

📺 頻道: 泛科學 (@PanScitw)
  ❌ 無法獲取影片列表，跳過

📺 頻道: 泛科學院 (@panscischool)
  ❌ 無法獲取影片列表，跳過

📺 頻道: top3pct (@top3pct)
  ❌ 無法獲取影片列表，跳過

🎉 完成 Sat May  9 23:00:19 CST 2026
成功: 0 | 錯誤: 0

📈 最終進度：
頻道,YouTube總數,已爬,進度%
胡乃文开播,0,78,0%
柏格醫生中文,0,127,0%
Dr.HuangAmin,0,73,0%
周慕姿放心說,0,123,0%
松明讲心理,0,11,0%
超真實商談,0,0,0%
Cofit211,0,228,0%
泛科學,0,26,0%
泛科學院,0,98,0%
top3pct,0,0,0%
