========================================

📺 頻道: 胡乃文开播 (@Dr.Hu_talk)
  🔄 抓取: 0hrrQM1Ia6w
  ❌ 失敗
  ⏭️  跳過: czy03X5iSJw (已有)
  🔄 抓取: fFDJcicBBPA
  ❌ 失敗

📺 頻道: 柏格醫生中文 (@drbergchinese)
  ⏭️  跳過: Pj0y9ESdEb0 (已有)
  ⏭️  跳過: NXoyygcLfKw (已有)
  ⏭️  跳過: WAXJZxNYpx8 (已有)

📺 頻道: Dr.HuangAmin (@Dr.HuangAmin)
  ⏭️  跳過: 1ooxdzvGGWQ (已有)
  ⏭️  跳過: I5bwVUmF974 (已有)
  🔄 抓取: FqXdZpn2fbM
  ❌ 失敗

📺 頻道: 周慕姿放心說 (@muerstalk)
  🔄 抓取: mKQfcPaA7W0
  ❌ 失敗
  🔄 抓取: -CdHtG6Y4mw
  ❌ 失敗
  🔄 抓取: dopimy0ZR68
  ❌ 失敗

📺 頻道: 松明讲心理 (@SongMing)
  🔄 抓取: F_dnZXiHb8E
  ❌ 失敗
  🔄 抓取: zAHqVXJtSM4
  ❌ 失敗
  🔄 抓取: 4MhzmfeNwbg
  ❌ 失敗

📺 頻道: 超真實商談 (@RealBizChat)
  🔄 抓取: qflWPnJVzDY
  ❌ 失敗
  🔄 抓取: olYpAW7sLO0
  ❌ 失敗
  🔄 抓取: KQ0wvtxsN-g
  ❌ 失敗

📺 頻道: Cofit211 (@Cofit211)
  🔄 抓取: NnN9gyQiJQY
  ❌ 失敗
  🔄 抓取: iz3rfVRPUL0
  ❌ 失敗
  🔄 抓取: ED-mH5sZNfI
  ❌ 失敗

📺 頻道: 泛科學 (@PanScitw)
  🔄 抓取: yJwd9ILtLJY
  ❌ 失敗
  🔄 抓取: 120mSE626LE
  ❌ 失敗
  🔄 抓取: CrgDc5244-s
  ❌ 失敗

📺 頻道: 泛科學院 (@panscischool)
  🔄 抓取: USeF28ryZpY
  ❌ 失敗
  🔄 抓取: Q0Z-qLZK89w
  ❌ 失敗
  🔄 抓取: CKy5MvG5lIc
  ❌ 失敗
  ✅ 成功 ( bytes)
