=== 開始全面爬取 Wed Mar 18 16:11:26 CST 2026 ===

=== 抓取 Dr.Hu_talk ===
  - czy03X5iSJw
  - pJIkdmDhXrI

=== 抓取 Dr.HuangAmin ===
  - 1ooxdzvGGWQ
  - I5bwVUmF974
  - FqXdZpn2fbM

=== 抓取 muerstalk ===
  - mKQfcPaA7W0
  - -CdHtG6Y4mw
  - dopimy0ZR68

=== 抓取 SongMing ===

=== 抓取 DrHarveyTalk ===

=== 抓取 Cofit211 ===
  - NnN9gyQiJQY
  - ED-mH5sZNfI

=== 抓取 PanScitw ===
  - yJwd9ILtLJY
  - 120mSE626LE
  - CrgDc5244-s

=== 抓取 panscischool ===
  - USeF28ryZpY
  - Q0Z-qLZK89w
  - CKy5MvG5lIc
=== 爬取完成 Wed Mar 18 16:37:34 CST 2026 ===
