============================================================
YouTube 專家知識庫爬蟲 2026-03-12 06:00:00
============================================================

[阿銘師x針還傳] 抓取中...
[阿銘師x針還傳] 完成

[胡乃文開示] 抓取中...
[胡乃文開示] 完成

[柏格醫生中文] 抓取中...
[柏格醫生中文] 完成

[周慕姿放心說] 抓取中...
[周慕姿放心說] 完成

[松明講心理] 抓取中...
[松明講心理] 完成

[Dr.Harvey不廢話] 抓取中...
[Dr.Harvey不廢話] 完成

[初日醫學] 抓取中...
[初日醫學] 完成

[泛科學] 抓取中...
[泛科學] 完成

[泛科學院] 抓取中...
[泛科學院] 完成

============================================================
爬蟲完成 2026-03-12 06:00:00
============================================================
============================================================
YouTube 專家知識庫爬蟲 2026-03-12 06:00:01
============================================================

[阿銘師x針還傳] 抓取中...
[阿銘師x針還傳] 完成

[胡乃文開示] 抓取中...
[胡乃文開示] 完成

[柏格醫生中文] 抓取中...
[柏格醫生中文] 完成

[周慕姿放心說] 抓取中...
[周慕姿放心說] 完成

[松明講心理] 抓取中...
[松明講心理] 完成

[Dr.Harvey不廢話] 抓取中...
[Dr.Harvey不廢話] 完成

[初日醫學] 抓取中...
[初日醫學] 完成

[泛科學] 抓取中...
[泛科學] 完成

[泛科學院] 抓取中...
[泛科學院] 完成

============================================================
爬蟲完成 2026-03-12 06:00:01
============================================================
============================================================
YouTube 專家知識庫爬蟲 2026-03-13 06:00:00
============================================================

[阿銘師x針還傳] 抓取中...
[阿銘師x針還傳] 完成

[胡乃文開示] 抓取中...
[胡乃文開示] 完成

[柏格醫生中文] 抓取中...
[柏格醫生中文] 完成

[周慕姿放心說] 抓取中...
[周慕姿放心說] 完成

[松明講心理] 抓取中...
[松明講心理] 完成

[Dr.Harvey不廢話] 抓取中...
[Dr.Harvey不廢話] 完成

[初日醫學] 抓取中...
[初日醫學] 完成

[泛科學] 抓取中...
[泛科學] 完成

[泛科學院] 抓取中...
[泛科學院] 完成

============================================================
爬蟲完成 2026-03-13 06:00:00
============================================================
============================================================
YouTube 專家知識庫爬蟲 2026-03-13 06:00:05
============================================================

[阿銘師x針還傳] 抓取中...
[阿銘師x針還傳] 完成

[胡乃文開示] 抓取中...
[胡乃文開示] 完成

[柏格醫生中文] 抓取中...
[柏格醫生中文] 完成

[周慕姿放心說] 抓取中...
[周慕姿放心說] 完成

[松明講心理] 抓取中...
[松明講心理] 完成

[Dr.Harvey不廢話] 抓取中...
[Dr.Harvey不廢話] 完成

[初日醫學] 抓取中...
[初日醫學] 完成

[泛科學] 抓取中...
[泛科學] 完成

[泛科學院] 抓取中...
[泛科學院] 完成

============================================================
爬蟲完成 2026-03-13 06:00:05
============================================================
============================================================
YouTube 專家知識庫爬蟲 2026-03-14 06:00:01
============================================================

爬蟲完成 2026-03-14 06:00:01
============================================================
YouTube 專家知識庫爬蟲 2026-03-14 06:00:05
============================================================

爬蟲完成 2026-03-14 06:00:05
============================================================
YouTube 專家知識庫爬蟲 2026-03-15 06:00:00
============================================================

爬蟲完成 2026-03-15 06:00:01
============================================================
YouTube 專家知識庫爬蟲 2026-03-15 06:00:03
============================================================

爬蟲完成 2026-03-15 06:00:03
============================================================
YouTube 專家知識庫爬蟲 2026-03-16 06:00:00
============================================================

爬蟲完成 2026-03-16 06:00:00
============================================================
YouTube 專家知識庫爬蟲 2026-03-16 06:00:04
============================================================

爬蟲完成 2026-03-16 06:00:04
============================================================
YouTube 專家知識庫爬蟲 2026-03-17 06:00:01
============================================================

============================================================
爬蟲完成 2026-03-17 06:00:01
YouTube 專家知識庫爬蟲 2026-03-17 06:00:01
============================================================

爬蟲完成 2026-03-17 06:00:01
============================================================
YouTube 專家知識庫爬蟲 2026-03-18 06:00:00
============================================================

爬蟲完成 2026-03-18 06:00:00
============================================================
YouTube 專家知識庫爬蟲 2026-03-19 06:00:00
============================================================

爬蟲完成 2026-03-19 06:00:01
============================================================
YouTube 專家知識庫爬蟲 2026-03-20 06:00:00
============================================================

爬蟲完成 2026-03-20 06:00:00
============================================================
YouTube 專家知識庫爬蟲 2026-03-21 06:00:00
============================================================

爬蟲完成 2026-03-21 06:11:31
============================================================
YouTube 專家知識庫爬蟲 2026-03-22 06:00:01
============================================================

爬蟲完成 2026-03-22 06:19:24
============================================================
YouTube 專家知識庫爬蟲 2026-03-23 06:00:01
============================================================

爬蟲完成 2026-03-23 06:03:27
============================================================
YouTube 專家知識庫爬蟲 2026-03-24 06:00:00
============================================================

爬蟲完成 2026-03-24 06:03:18
============================================================
YouTube 專家知識庫爬蟲 2026-03-25 06:00:00
============================================================

爬蟲完成 2026-03-25 06:09:39
============================================================
YouTube 專家知識庫爬蟲 2026-03-26 06:00:00
============================================================

爬蟲完成 2026-03-26 06:15:47
============================================================
YouTube 專家知識庫爬蟲 2026-03-27 06:00:00
============================================================

爬蟲完成 2026-03-27 06:54:26
